Archive member included to satisfy reference by file (symbol)

C:/ST/STM32CubeIDE_1.19.0/STM32CubeIDE/plugins/com.st.stm32cube.ide.mcu.externaltools.gnu-tools-for-stm32.13.3.rel1.win32_1.0.0.202411081344/tools/bin/../lib/gcc/arm-none-eabi/13.3.1/../../../../arm-none-eabi/lib/thumb/v7e-m+dp/hard\libc_nano.a(libc_a-exit.o)
                              C:/ST/STM32CubeIDE_1.19.0/STM32CubeIDE/plugins/com.st.stm32cube.ide.mcu.externaltools.gnu-tools-for-stm32.13.3.rel1.win32_1.0.0.202411081344/tools/bin/../lib/gcc/arm-none-eabi/13.3.1/../../../../arm-none-eabi/lib/thumb/v7e-m+dp/hard/crt0.o (exit)
C:/ST/STM32CubeIDE_1.19.0/STM32CubeIDE/plugins/com.st.stm32cube.ide.mcu.externaltools.gnu-tools-for-stm32.13.3.rel1.win32_1.0.0.202411081344/tools/bin/../lib/gcc/arm-none-eabi/13.3.1/../../../../arm-none-eabi/lib/thumb/v7e-m+dp/hard\libc_nano.a(libc_a-findfp.o)
                              C:/ST/STM32CubeIDE_1.19.0/STM32CubeIDE/plugins/com.st.stm32cube.ide.mcu.externaltools.gnu-tools-for-stm32.13.3.rel1.win32_1.0.0.202411081344/tools/bin/../lib/gcc/arm-none-eabi/13.3.1/../../../../arm-none-eabi/lib/thumb/v7e-m+dp/hard\libc_nano.a(libc_a-exit.o) (__stdio_exit_handler)
C:/ST/STM32CubeIDE_1.19.0/STM32CubeIDE/plugins/com.st.stm32cube.ide.mcu.externaltools.gnu-tools-for-stm32.13.3.rel1.win32_1.0.0.202411081344/tools/bin/../lib/gcc/arm-none-eabi/13.3.1/../../../../arm-none-eabi/lib/thumb/v7e-m+dp/hard\libc_nano.a(libc_a-fwalk.o)
                              C:/ST/STM32CubeIDE_1.19.0/STM32CubeIDE/plugins/com.st.stm32cube.ide.mcu.externaltools.gnu-tools-for-stm32.13.3.rel1.win32_1.0.0.202411081344/tools/bin/../lib/gcc/arm-none-eabi/13.3.1/../../../../arm-none-eabi/lib/thumb/v7e-m+dp/hard\libc_nano.a(libc_a-findfp.o) (_fwalk_sglue)
C:/ST/STM32CubeIDE_1.19.0/STM32CubeIDE/plugins/com.st.stm32cube.ide.mcu.externaltools.gnu-tools-for-stm32.13.3.rel1.win32_1.0.0.202411081344/tools/bin/../lib/gcc/arm-none-eabi/13.3.1/../../../../arm-none-eabi/lib/thumb/v7e-m+dp/hard\libc_nano.a(libc_a-stdio.o)
                              C:/ST/STM32CubeIDE_1.19.0/STM32CubeIDE/plugins/com.st.stm32cube.ide.mcu.externaltools.gnu-tools-for-stm32.13.3.rel1.win32_1.0.0.202411081344/tools/bin/../lib/gcc/arm-none-eabi/13.3.1/../../../../arm-none-eabi/lib/thumb/v7e-m+dp/hard\libc_nano.a(libc_a-findfp.o) (__sread)
C:/ST/STM32CubeIDE_1.19.0/STM32CubeIDE/plugins/com.st.stm32cube.ide.mcu.externaltools.gnu-tools-for-stm32.13.3.rel1.win32_1.0.0.202411081344/tools/bin/../lib/gcc/arm-none-eabi/13.3.1/../../../../arm-none-eabi/lib/thumb/v7e-m+dp/hard\libc_nano.a(libc_a-memset.o)
                              C:/ST/STM32CubeIDE_1.19.0/STM32CubeIDE/plugins/com.st.stm32cube.ide.mcu.externaltools.gnu-tools-for-stm32.13.3.rel1.win32_1.0.0.202411081344/tools/bin/../lib/gcc/arm-none-eabi/13.3.1/../../../../arm-none-eabi/lib/thumb/v7e-m+dp/hard/crt0.o (memset)
C:/ST/STM32CubeIDE_1.19.0/STM32CubeIDE/plugins/com.st.stm32cube.ide.mcu.externaltools.gnu-tools-for-stm32.13.3.rel1.win32_1.0.0.202411081344/tools/bin/../lib/gcc/arm-none-eabi/13.3.1/../../../../arm-none-eabi/lib/thumb/v7e-m+dp/hard\libc_nano.a(libc_a-closer.o)
                              C:/ST/STM32CubeIDE_1.19.0/STM32CubeIDE/plugins/com.st.stm32cube.ide.mcu.externaltools.gnu-tools-for-stm32.13.3.rel1.win32_1.0.0.202411081344/tools/bin/../lib/gcc/arm-none-eabi/13.3.1/../../../../arm-none-eabi/lib/thumb/v7e-m+dp/hard\libc_nano.a(libc_a-stdio.o) (_close_r)
C:/ST/STM32CubeIDE_1.19.0/STM32CubeIDE/plugins/com.st.stm32cube.ide.mcu.externaltools.gnu-tools-for-stm32.13.3.rel1.win32_1.0.0.202411081344/tools/bin/../lib/gcc/arm-none-eabi/13.3.1/../../../../arm-none-eabi/lib/thumb/v7e-m+dp/hard\libc_nano.a(libc_a-reent.o)
                              C:/ST/STM32CubeIDE_1.19.0/STM32CubeIDE/plugins/com.st.stm32cube.ide.mcu.externaltools.gnu-tools-for-stm32.13.3.rel1.win32_1.0.0.202411081344/tools/bin/../lib/gcc/arm-none-eabi/13.3.1/../../../../arm-none-eabi/lib/thumb/v7e-m+dp/hard\libc_nano.a(libc_a-closer.o) (errno)
C:/ST/STM32CubeIDE_1.19.0/STM32CubeIDE/plugins/com.st.stm32cube.ide.mcu.externaltools.gnu-tools-for-stm32.13.3.rel1.win32_1.0.0.202411081344/tools/bin/../lib/gcc/arm-none-eabi/13.3.1/../../../../arm-none-eabi/lib/thumb/v7e-m+dp/hard\libc_nano.a(libc_a-impure.o)
                              C:/ST/STM32CubeIDE_1.19.0/STM32CubeIDE/plugins/com.st.stm32cube.ide.mcu.externaltools.gnu-tools-for-stm32.13.3.rel1.win32_1.0.0.202411081344/tools/bin/../lib/gcc/arm-none-eabi/13.3.1/../../../../arm-none-eabi/lib/thumb/v7e-m+dp/hard\libc_nano.a(libc_a-reent.o) (_impure_ptr)
C:/ST/STM32CubeIDE_1.19.0/STM32CubeIDE/plugins/com.st.stm32cube.ide.mcu.externaltools.gnu-tools-for-stm32.13.3.rel1.win32_1.0.0.202411081344/tools/bin/../lib/gcc/arm-none-eabi/13.3.1/../../../../arm-none-eabi/lib/thumb/v7e-m+dp/hard\libc_nano.a(libc_a-lseekr.o)
[...]
Memory Configuration

Name             Origin             Length             Attributes
FLASH            0x08000000         0x00200000         xr
DTCMRAM          0x20000000         0x00020000         xrw
RAM_D1           0x24000000         0x00080000         xrw
RAM_D2           0x30000000         0x00048000         xrw
RAM_D3           0x38000000         0x00010000         xrw
ITCMRAM          0x00000000         0x00010000         xrw
*default*        0x00000000         0xffffffff

Linker script and memory map

LOAD C:/ST/STM32CubeIDE_1.19.0/STM32CubeIDE/plugins/com.st.stm32cube.ide.mcu.externaltools.gnu-tools-for-stm32.13.3.rel1.win32_1.0.0.202411081344/tools/bin/../lib/gcc/arm-none-eabi/13.3.1/thumb/v7e-m+dp/hard/crti.o
LOAD C:/ST/STM32CubeIDE_1.19.0/STM32CubeIDE/plugins/com.st.stm32cube.ide.mcu.externaltools.gnu-tools-for-stm32.13.3.rel1.win32_1.0.0.202411081344/tools/bin/../lib/gcc/arm-none-eabi/13.3.1/thumb/v7e-m+dp/hard/crtbegin.o
LOAD C:/ST/STM32CubeIDE_1.19.0/STM32CubeIDE/plugins/com.st.stm32cube.ide.mcu.externaltools.gnu-tools-for-stm32.13.3.rel1.win32_1.0.0.202411081344/tools/bin/../lib/gcc/arm-none-eabi/13.3.1/../../../../arm-none-eabi/lib/thumb/v7e-m+dp/hard/crt0.o
LOAD ./Core/Src/canVFD.o
LOAD ./Core/Src/encoder.o
LOAD ./Core/Src/main.o
LOAD ./Core/Src/stm32h7xx_hal_msp.o
LOAD ./Core/Src/stm32h7xx_it.o
LOAD ./Core/Src/syscalls.o
LOAD ./Core/Src/sysmem.o
LOAD ./Core/Src/system_stm32h7xx.o
LOAD ./Core/Src/throttleDriver.o
LOAD ./Core/Startup/startup_stm32h753zitx.o
LOAD ./Drivers/STM32H7xx_HAL_Driver/Src/stm32h7xx_hal.o
LOAD ./Drivers/STM32H7xx_HAL_Driver/Src/stm32h7xx_hal_cortex.o
LOAD ./Drivers/STM32H7xx_HAL_Driver/Src/stm32h7xx_hal_dac.o
LOAD ./Drivers/STM32H7xx_HAL_Driver/Src/stm32h7xx_hal_dac_ex.o
LOAD ./Drivers/STM32H7xx_HAL_Driver/Src/stm32h7xx_hal_dma.o
LOAD ./Drivers/STM32H7xx_HAL_Driver/Src/stm32h7xx_hal_dma_ex.o
LOAD ./Drivers/STM32H7xx_HAL_Driver/Src/stm32h7xx_hal_exti.o
LOAD ./Drivers/STM32H7xx_HAL_Driver/Src/stm32h7xx_hal_fdcan.o
LOAD ./Drivers/STM32H7xx_HAL_Driver/Src/stm32h7xx_hal_flash.o
LOAD ./Drivers/STM32H7xx_HAL_Driver/Src/stm32h7xx_hal_flash_ex.o
LOAD ./Drivers/STM32H7xx_HAL_Driver/Src/stm32h7xx_hal_gpio.o
LOAD ./Drivers/STM32H7xx_HAL_Driver/Src/stm32h7xx_hal_hsem.o
LOAD ./Drivers/STM32H7xx_HAL_Driver/Src/stm32h7xx_hal_i2c.o
LOAD ./Drivers/STM32H7xx_HAL_Driver/Src/stm32h7xx_hal_i2c_ex.o
LOAD ./Drivers/STM32H7xx_HAL_Driver/Src/stm32h7xx_hal_mdma.o
LOAD ./Drivers/STM32H7xx_HAL_Driver/Src/stm32h7xx_hal_pwr.o
LOAD ./Drivers/STM32H7xx_HAL_Driver/Src/stm32h7xx_hal_pwr_ex.o
LOAD ./Drivers/STM32H7xx_HAL_Driver/Src/stm32h7xx_hal_rcc.o
LOAD ./Drivers/STM32H7xx_HAL_Driver/Src/stm32h7xx_hal_rcc_ex.o
LOAD ./Drivers/STM32H7xx_HAL_Driver/Src/stm32h7xx_hal_tim.o
LOAD ./Drivers/STM32H7xx_HAL_Driver/Src/stm32h7xx_hal_tim_ex.o
START GROUP
LOAD C:/ST/STM32CubeIDE_1.19.0/STM32CubeIDE/plugins/com.st.stm32cube.ide.mcu.externaltools.gnu-tools-for-stm32.13.3.rel1.win32_1.0.0.202411081344/tools/bin/../lib/gcc/arm-none-eabi/13.3.1/../../../../arm-none-eabi/lib/thumb/v7e-m+dp/hard\libc_nano.a
LOAD C:/ST/STM32CubeIDE_1.19.0/STM32CubeIDE/plugins/com.st.stm32cube.ide.mcu.externaltools.gnu-tools-for-stm32.13.3.rel1.win32_1.0.0.202411081344/tools/bin/../lib/gcc/arm-none-eabi/13.3.1/../../../../arm-none-eabi/lib/thumb/v7e-m+dp/hard\libm.a
END GROUP
START GROUP
LOAD C:/ST/STM32CubeIDE_1.19.0/STM32CubeIDE/plugins/com.st.stm32cube.ide.mcu.externaltools.gnu-tools-for-stm32.13.3.rel1.win32_1.0.0.202411081344/tools/bin/../lib/gcc/arm-none-eabi/13.3.1/thumb/v7e-m+dp/hard\libgcc.a
LOAD C:/ST/STM32CubeIDE_1.19.0/STM32CubeIDE/plugins/com.st.stm32cube.ide.mcu.externaltools.gnu-tools-for-stm32.13.3.rel1.win32_1.0.0.202411081344/tools/bin/../lib/gcc/arm-none-eabi/13.3.1/../../../../arm-none-eabi/lib/thumb/v7e-m+dp/hard\libc_nano.a
END GROUP
START GROUP
LOAD C:/ST/STM32CubeIDE_1.19.0/STM32CubeIDE/plugins/com.st.stm32cube.ide.mcu.externaltools.gnu-tools-for-stm32.13.3.rel1.win32_1.0.0.202411081344/tools/bin/../lib/gcc/arm-none-eabi/13.3.1/thumb/v7e-m+dp/hard\libgcc.a
LOAD C:/ST/STM32CubeIDE_1.19.0/STM32CubeIDE/plugins/com.st.stm32cube.ide.mcu.externaltools.gnu-tools-for-stm32.13.3.rel1.win32_1.0.0.202411081344/tools/bin/../lib/gcc/arm-none-eabi/13.3.1/../../../../arm-none-eabi/lib/thumb/v7e-m+dp/hard\libc_nano.a
LOAD C:/ST/STM32CubeIDE_1.19.0/STM32CubeIDE/plugins/com.st.stm32cube.ide.mcu.externaltools.gnu-tools-for-stm32.13.3.rel1.win32_1.0.0.202411081344/tools/bin/../lib/gcc/arm-none-eabi/13.3.1/../../../../arm-none-eabi/lib/thumb/v7e-m+dp/hard\libnosys.a
END GROUP
START GROUP
LOAD C:/ST/STM32CubeIDE_1.19.0/STM32CubeIDE/plugins/com.st.stm32cube.ide.mcu.externaltools.gnu-tools-for-stm32.13.3.rel1.win32_1.0.0.202411081344/tools/bin/../lib/gcc/arm-none-eabi/13.3.1/thumb/v7e-m+dp/hard\libgcc.a
LOAD C:/ST/STM32CubeIDE_1.19.0/STM32CubeIDE/plugins/com.st.stm32cube.ide.mcu.externaltools.gnu-tools-for-stm32.13.3.rel1.win32_1.0.0.202411081344/tools/bin/../lib/gcc/arm-none-eabi/13.3.1/../../../../arm-none-eabi/lib/thumb/v7e-m+dp/hard\libc_nano.a
LOAD C:/ST/STM32CubeIDE_1.19.0/STM32CubeIDE/plugins/com.st.stm32cube.ide.mcu.externaltools.gnu-tools-for-stm32.13.3.rel1.win32_1.0.0.202411081344/tools/bin/../lib/gcc/arm-none-eabi/13.3.1/../../../../arm-none-eabi/lib/thumb/v7e-m+dp/hard\libnosys.a
END GROUP
LOAD C:/ST/STM32CubeIDE_1.19.0/STM32CubeIDE/plugins/com.st.stm32cube.ide.mcu.externaltools.gnu-tools-for-stm32.13.3.rel1.win32_1.0.0.202411081344/tools/bin/../lib/gcc/arm-none-eabi/13.3.1/thumb/v7e-m+dp/hard/crtend.o
LOAD C:/ST/STM32CubeIDE_1.19.0/STM32CubeIDE/plugins/com.st.stm32cube.ide.mcu.externaltools.gnu-tools-for-stm32.13.3.rel1.win32_1.0.0.202411081344/tools/bin/../lib/gcc/arm-none-eabi/13.3.1/thumb/v7e-m+dp/hard/crtn.o
                0x24080000                        _estack = (ORIGIN (RAM_D1) + LENGTH (RAM_D1))
                0x00000200                        _Min_Heap_Size = 0x200
                0x00000400                        _Min_Stack_Size = 0x400

.isr_vector     0x08000000      0x298
                0x08000000                        . = ALIGN (0x4)
 *(.isr_vector)
 .isr_vector    0x08000000      0x298 ./Core/Startup/startup_stm32h753zitx.o
                0x08000000                g_pfnVectors
                0x08000298                        . = ALIGN (0x4)

.text           0x08000298     0x7080
                0x08000298                        . = ALIGN (0x4)
 *(.text)
 .text          0x08000298       0x40 C:/ST/STM32CubeIDE_1.19.0/STM32CubeIDE/plugins/com.st.stm32cube.ide.mcu.externaltools.gnu-tools-for-stm32.13.3.rel1.win32_1.0.0.202411081344/tools/bin/../lib/gcc/arm-none-eabi/13.3.1/thumb/v7e-m+dp/hard/crtbegin.o
 *(.text*)
 .text.concatenate
                0x080002d8       0x2e ./Core/Src/canVFD.o
                0x080002d8                concatenate
 *fill*         0x08000306        0x2 
 .text.isDuplicate
                0x08000308       0x40 ./Core/Src/canVFD.o
                0x08000308                isDuplicate
 .text.process_CAN_msgs
                0x08000348      0x210 ./Core/Src/canVFD.o
                0x08000348                process_CAN_msgs
 .text.HAL_FDCAN_RxFifo0Callback
                0x08000558       0xd4 ./Core/Src/canVFD.o
                0x08000558                HAL_FDCAN_RxFifo0Callback
 .text.HAL_TIM_IC_CaptureCallback
                0x0800062c       0x3c ./Core/Src/encoder.o
                0x0800062c                HAL_TIM_IC_CaptureCallback
 .text.main     0x08000668       0xc0 ./Core/Src/main.o
                0x08000668                main
 .text.SystemClock_Config
                0x08000728      0x100 ./Core/Src/main.o
                0x08000728                SystemClock_Config
 .text.MX_DAC1_Init
                0x08000828       0x6c ./Core/Src/main.o
 .text.MX_FDCAN1_Init
                0x08000894       0xc8 ./Core/Src/main.o
 .text.MX_I2C1_Init
                0x0800095c       0x7c ./Core/Src/main.o
 .text.MX_TIM2_Init
                0x080009d8       0xa8 ./Core/Src/main.o
 .text.MX_GPIO_Init
                0x08000a80       0xc4 ./Core/Src/main.o
 .text.MPU_Config
                0x08000b44       0x58 ./Core/Src/main.o
 .text.Error_Handler
                0x08000b9c        0xc ./Core/Src/main.o
                0x08000b9c                Error_Handler
 .text.HAL_MspInit
                0x08000ba8       0x34 ./Core/Src/stm32h7xx_hal_msp.o
                0x08000ba8                HAL_MspInit
 .text.HAL_DAC_MspInit
                0x08000bdc       0x8c ./Core/Src/stm32h7xx_hal_msp.o
                0x08000bdc                HAL_DAC_MspInit
 .text.HAL_FDCAN_MspInit
                0x08000c68       0xe4 ./Core/Src/stm32h7xx_hal_msp.o
                0x08000c68                HAL_FDCAN_MspInit
 .text.HAL_I2C_MspInit
                0x08000d4c       0xf4 ./Core/Src/stm32h7xx_hal_msp.o
                0x08000d4c                HAL_I2C_MspInit
 .text.HAL_TIM_Encoder_MspInit
                0x08000e40       0xa0 ./Core/Src/stm32h7xx_hal_msp.o
                0x08000e40                HAL_TIM_Encoder_MspInit
 .text.NMI_Handler
                0x08000ee0        0x8 ./Core/Src/stm32h7xx_it.o
                0x08000ee0                NMI_Handler
 .text.HardFault_Handler
                0x08000ee8        0x8 ./Core/Src/stm32h7xx_it.o
                0x08000ee8                HardFault_Handler
 .text.MemManage_Handler
                0x08000ef0        0x8 ./Core/Src/stm32h7xx_it.o
                0x08000ef0                MemManage_Handler
 .text.BusFault_Handler
                0x08000ef8        0x8 ./Core/Src/stm32h7xx_it.o
                0x08000ef8                BusFault_Handler
 .text.UsageFault_Handler
                0x08000f00        0x8 ./Core/Src/stm32h7xx_it.o
                0x08000f00                UsageFault_Handler
 .text.SVC_Handler
                0x08000f08        0xe ./Core/Src/stm32h7xx_it.o
                0x08000f08                SVC_Handler
 .text.DebugMon_Handler
                0x08000f16        0xe ./Core/Src/stm32h7xx_it.o
                0x08000f16                DebugMon_Handler
 .text.PendSV_Handler
                0x08000f24        0xe ./Core/Src/stm32h7xx_it.o
                0x08000f24                PendSV_Handler
 .text.SysTick_Handler
                0x08000f32        0xc ./Core/Src/stm32h7xx_it.o
                0x08000f32                SysTick_Handler
 *fill*         0x08000f3e        0x2 
 .text.FDCAN1_IT0_IRQHandler
                0x08000f40       0x14 ./Core/Src/stm32h7xx_it.o
                0x08000f40                FDCAN1_IT0_IRQHandler
 .text.TIM2_IRQHandler
                0x08000f54       0x14 ./Core/Src/stm32h7xx_it.o
                0x08000f54                TIM2_IRQHandler
 .text.I2C1_EV_IRQHandler
                0x08000f68       0x14 ./Core/Src/stm32h7xx_it.o
                0x08000f68                I2C1_EV_IRQHandler
 .text.I2C1_ER_IRQHandler
                0x08000f7c       0x14 ./Core/Src/stm32h7xx_it.o
                0x08000f7c                I2C1_ER_IRQHandler
 .text.SystemInit
                0x08000f90      0x140 ./Core/Src/system_stm32h7xx.o
                0x08000f90                SystemInit
 .text.ExitRun0Mode
                0x080010d0       0x30 ./Core/Src/system_stm32h7xx.o
                0x080010d0                ExitRun0Mode
 .text.Reset_Handler
                0x08001100       0x54 ./Core/Startup/startup_stm32h753zitx.o
                0x08001100                Reset_Handler
 .text.Default_Handler
                0x08001154        0x2 ./Core/Startup/startup_stm32h753zitx.o
                0x08001154                RTC_Alarm_IRQHandler
                0x08001154                HASH_RNG_IRQHandler
                0x08001154                EXTI2_IRQHandler
                0x08001154                TIM8_CC_IRQHandler
                0x08001154                HRTIM1_Master_IRQHandler
                0x08001154                UART8_IRQHandler
                0x08001154                SPI4_IRQHandler
                0x08001154                TIM1_CC_IRQHandler
                0x08001154                BDMA_Channel6_IRQHandler
                0x08001154                DMA2_Stream5_IRQHandler
                0x08001154                HRTIM1_FLT_IRQHandler
                0x08001154                JPEG_IRQHandler
                0x08001154                DMA1_Stream5_IRQHandler
                0x08001154                BDMA_Channel1_IRQHandler
                0x08001154                HRTIM1_TIMD_IRQHandler
                0x08001154                TAMP_STAMP_IRQHandler
                0x08001154                EXTI3_IRQHandler
                0x08001154                LPTIM4_IRQHandler
                0x08001154                TIM8_TRG_COM_TIM14_IRQHandler
                0x08001154                LPTIM2_IRQHandler
                0x08001154                DFSDM1_FLT1_IRQHandler
                0x08001154                DMAMUX2_OVR_IRQHandler
                0x08001154                TIM8_UP_TIM13_IRQHandler
                0x08001154                I2C3_ER_IRQHandler
                0x08001154                DFSDM1_FLT2_IRQHandler
                0x08001154                MDMA_IRQHandler
                0x08001154                LPTIM3_IRQHandler
                0x08001154                HSEM1_IRQHandler
                0x08001154                EXTI0_IRQHandler
                0x08001154                I2C2_EV_IRQHandler
                0x08001154                DMA1_Stream2_IRQHandler
                0x08001154                FPU_IRQHandler
                0x08001154                OTG_HS_WKUP_IRQHandler
                0x08001154                FDCAN1_IT1_IRQHandler
                0x08001154                LTDC_ER_IRQHandler
                0x08001154                DMA2_Stream2_IRQHandler
                0x08001154                HRTIM1_TIME_IRQHandler
                0x08001154                SPI1_IRQHandler
                0x08001154                TIM6_DAC_IRQHandler
                0x08001154                DCMI_IRQHandler
                0x08001154                HRTIM1_TIMC_IRQHandler
                0x08001154                DMA2_Stream3_IRQHandler
                0x08001154                SAI2_IRQHandler
                0x08001154                DFSDM1_FLT3_IRQHandler
                0x08001154                USART6_IRQHandler
                0x08001154                TIM17_IRQHandler
                0x08001154                USART3_IRQHandler
                0x08001154                BDMA_Channel7_IRQHandler
                0x08001154                CRYP_IRQHandler
                0x08001154                LPTIM5_IRQHandler
                0x08001154                UART5_IRQHandler
                0x08001154                ADC3_IRQHandler
                0x08001154                DMA2_Stream0_IRQHandler
                0x08001154                TIM4_IRQHandler
                0x08001154                BDMA_Channel2_IRQHandler
                0x08001154                QUADSPI_IRQHandler
                0x08001154                DMA1_Stream6_IRQHandler
                0x08001154                DMAMUX1_OVR_IRQHandler
                0x08001154                DMA1_Stream1_IRQHandler
                0x08001154                TIM16_IRQHandler
                0x08001154                UART4_IRQHandler
                0x08001154                BDMA_Channel5_IRQHandler
                0x08001154                TIM3_IRQHandler
                0x08001154                RCC_IRQHandler
                0x08001154                TIM8_BRK_TIM12_IRQHandler
                0x08001154                TIM1_TRG_COM_IRQHandler
                0x08001154                Default_Handler
                0x08001154                ECC_IRQHandler
                0x08001154                CEC_IRQHandler
                0x08001154                EXTI15_10_IRQHandler
                0x08001154                BDMA_Channel0_IRQHandler
                0x08001154                ADC_IRQHandler
                0x08001154                DMA1_Stream7_IRQHandler
                0x08001154                HRTIM1_TIMA_IRQHandler
                0x08001154                SPI5_IRQHandler
                0x08001154                TIM7_IRQHandler
                0x08001154                SDMMC1_IRQHandler
                0x08001154                TIM5_IRQHandler
                0x08001154                DMA2_Stream7_IRQHandler
                0x08001154                TIM15_IRQHandler
                0x08001154                PVD_AVD_IRQHandler
                0x08001154                I2C3_EV_IRQHandler
                0x08001154                EXTI9_5_IRQHandler
                0x08001154                RTC_WKUP_IRQHandler
                0x08001154                LTDC_IRQHandler
                0x08001154                SAI3_IRQHandler
                0x08001154                ETH_WKUP_IRQHandler
                0x08001154                SPDIF_RX_IRQHandler
                0x08001154                SPI2_IRQHandler
                0x08001154                OTG_HS_EP1_IN_IRQHandler
                0x08001154                DMA1_Stream0_IRQHandler
                0x08001154                CRS_IRQHandler
                0x08001154                EXTI4_IRQHandler
                0x08001154                HRTIM1_TIMB_IRQHandler
                0x08001154                FDCAN2_IT1_IRQHandler
                0x08001154                ETH_IRQHandler
                0x08001154                TIM1_UP_IRQHandler
                0x08001154                BDMA_Channel4_IRQHandler
                0x08001154                OTG_HS_EP1_OUT_IRQHandler
                0x08001154                WWDG_IRQHandler
                0x08001154                SPI6_IRQHandler
                0x08001154                MDIOS_IRQHandler
                0x08001154                I2C4_EV_IRQHandler
                0x08001154                FDCAN2_IT0_IRQHandler
                0x08001154                LPUART1_IRQHandler
                0x08001154                OTG_FS_WKUP_IRQHandler
                0x08001154                OTG_HS_IRQHandler
                0x08001154                DMA2D_IRQHandler
                0x08001154                TIM1_BRK_IRQHandler
                0x08001154                EXTI1_IRQHandler
                0x08001154                SDMMC2_IRQHandler
                0x08001154                OTG_FS_EP1_OUT_IRQHandler
                0x08001154                BDMA_Channel3_IRQHandler
                0x08001154                UART7_IRQHandler
                0x08001154                MDIOS_WKUP_IRQHandler
                0x08001154                USART2_IRQHandler
                0x08001154                DFSDM1_FLT0_IRQHandler
                0x08001154                SAI4_IRQHandler
                0x08001154                I2C2_ER_IRQHandler
                0x08001154                DMA2_Stream1_IRQHandler
                0x08001154                FLASH_IRQHandler
                0x08001154                DMA2_Stream4_IRQHandler
                0x08001154                USART1_IRQHandler
                0x08001154                OTG_FS_IRQHandler
                0x08001154                SPI3_IRQHandler
                0x08001154                WAKEUP_PIN_IRQHandler
                0x08001154                DMA1_Stream4_IRQHandler
                0x08001154                OTG_FS_EP1_IN_IRQHandler
                0x08001154                FMC_IRQHandler
                0x08001154                FDCAN_CAL_IRQHandler
                0x08001154                SWPMI1_IRQHandler
                0x08001154                COMP1_IRQHandler
                0x08001154                LPTIM1_IRQHandler
                0x08001154                I2C4_ER_IRQHandler
                0x08001154                DMA2_Stream6_IRQHandler
                0x08001154                SAI1_IRQHandler
                0x08001154                DMA1_Stream3_IRQHandler
 *fill*         0x08001156        0x2 
 .text.HAL_Init
                0x08001158       0x78 ./Drivers/STM32H7xx_HAL_Driver/Src/stm32h7xx_hal.o
                0x08001158                HAL_Init
 .text.HAL_InitTick
                0x080011d0       0x6c ./Drivers/STM32H7xx_HAL_Driver/Src/stm32h7xx_hal.o
                0x080011d0                HAL_InitTick
 .text.HAL_IncTick
                0x0800123c       0x28 ./Drivers/STM32H7xx_HAL_Driver/Src/stm32h7xx_hal.o
                0x0800123c                HAL_IncTick
 .text.HAL_GetTick
                0x08001264       0x18 ./Drivers/STM32H7xx_HAL_Driver/Src/stm32h7xx_hal.o
                0x08001264                HAL_GetTick
 .text.HAL_Delay
                0x0800127c       0x48 ./Drivers/STM32H7xx_HAL_Driver/Src/stm32h7xx_hal.o
                0x0800127c                HAL_Delay
 .text.HAL_GetREVID
                0x080012c4       0x18 ./Drivers/STM32H7xx_HAL_Driver/Src/stm32h7xx_hal.o
                0x080012c4                HAL_GetREVID
 .text.__NVIC_SetPriorityGrouping
                0x080012dc       0x48 ./Drivers/STM32H7xx_HAL_Driver/Src/stm32h7xx_hal_cortex.o
 .text.__NVIC_GetPriorityGrouping
                0x08001324       0x1c ./Drivers/STM32H7xx_HAL_Driver/Src/stm32h7xx_hal_cortex.o
 .text.__NVIC_EnableIRQ
                0x08001340       0x3c ./Drivers/STM32H7xx_HAL_Driver/Src/stm32h7xx_hal_cortex.o
 .text.__NVIC_SetPriority
                0x0800137c       0x54 ./Drivers/STM32H7xx_HAL_Driver/Src/stm32h7xx_hal_cortex.o
 .text.NVIC_EncodePriority
                0x080013d0       0x66 ./Drivers/STM32H7xx_HAL_Driver/Src/stm32h7xx_hal_cortex.o
 *fill*         0x08001436        0x2 
 .text.SysTick_Config
                0x08001438       0x44 ./Drivers/STM32H7xx_HAL_Driver/Src/stm32h7xx_hal_cortex.o
 .text.HAL_NVIC_SetPriorityGrouping
                0x0800147c       0x16 ./Drivers/STM32H7xx_HAL_Driver/Src/stm32h7xx_hal_cortex.o
                0x0800147c                HAL_NVIC_SetPriorityGrouping
 .text.HAL_NVIC_SetPriority
                0x08001492       0x34 ./Drivers/STM32H7xx_HAL_Driver/Src/stm32h7xx_hal_cortex.o
                0x08001492                HAL_NVIC_SetPriority
 .text.HAL_NVIC_EnableIRQ
                0x080014c6       0x1c ./Drivers/STM32H7xx_HAL_Driver/Src/stm32h7xx_hal_cortex.o
                0x080014c6                HAL_NVIC_EnableIRQ
 .text.HAL_SYSTICK_Config
                0x080014e2       0x18 ./Drivers/STM32H7xx_HAL_Driver/Src/stm32h7xx_hal_cortex.o
                0x080014e2                HAL_SYSTICK_Config
 *fill*         0x080014fa        0x2 
 .text.HAL_MPU_Disable
                0x080014fc       0x30 ./Drivers/STM32H7xx_HAL_Driver/Src/stm32h7xx_hal_cortex.o
                0x080014fc                HAL_MPU_Disable
 .text.HAL_MPU_Enable
                0x0800152c       0x40 ./Drivers/STM32H7xx_HAL_Driver/Src/stm32h7xx_hal_cortex.o
                0x0800152c                HAL_MPU_Enable
 .text.HAL_MPU_ConfigRegion
                0x0800156c       0x80 ./Drivers/STM32H7xx_HAL_Driver/Src/stm32h7xx_hal_cortex.o
                0x0800156c                HAL_MPU_ConfigRegion
 .text.HAL_DAC_Init
                0x080015ec       0x44 ./Drivers/STM32H7xx_HAL_Driver/Src/stm32h7xx_hal_dac.o
                0x080015ec                HAL_DAC_Init
 .text.HAL_DAC_Start
                0x08001630       0xae ./Drivers/STM32H7xx_HAL_Driver/Src/stm32h7xx_hal_dac.o
                0x08001630                HAL_DAC_Start
 *fill*         0x080016de        0x2 
 .text.HAL_DAC_ConfigChannel
                0x080016e0      0x28c ./Drivers/STM32H7xx_HAL_Driver/Src/stm32h7xx_hal_dac.o
                0x080016e0                HAL_DAC_ConfigChannel
 .text.HAL_DMA_Abort_IT
                0x0800196c      0x48c ./Drivers/STM32H7xx_HAL_Driver/Src/stm32h7xx_hal_dma.o
                0x0800196c                HAL_DMA_Abort_IT
 .text.HAL_DMA_GetState
                0x08001df8       0x1c ./Drivers/STM32H7xx_HAL_Driver/Src/stm32h7xx_hal_dma.o
                0x08001df8                HAL_DMA_GetState
 .text.HAL_FDCAN_Init
                0x08001e14      0x3bc ./Drivers/STM32H7xx_HAL_Driver/Src/stm32h7xx_hal_fdcan.o
                0x08001e14                HAL_FDCAN_Init
 .text.HAL_FDCAN_ConfigFilter
                0x080021d0       0xec ./Drivers/STM32H7xx_HAL_Driver/Src/stm32h7xx_hal_fdcan.o
                0x080021d0                HAL_FDCAN_ConfigFilter
 .text.HAL_FDCAN_Start
                0x080022bc       0x56 ./Drivers/STM32H7xx_HAL_Driver/Src/stm32h7xx_hal_fdcan.o
                0x080022bc                HAL_FDCAN_Start
 *fill*         0x08002312        0x2 
 .text.HAL_FDCAN_GetRxMessage
                0x08002314      0x2d8 ./Drivers/STM32H7xx_HAL_Driver/Src/stm32h7xx_hal_fdcan.o
                0x08002314                HAL_FDCAN_GetRxMessage
 .text.HAL_FDCAN_GetRxFifoFillLevel
                0x080025ec       0x3c ./Drivers/STM32H7xx_HAL_Driver/Src/stm32h7xx_hal_fdcan.o
                0x080025ec                HAL_FDCAN_GetRxFifoFillLevel
 .text.HAL_FDCAN_ActivateNotification
                0x08002628       0xf4 ./Drivers/STM32H7xx_HAL_Driver/Src/stm32h7xx_hal_fdcan.o
                0x08002628                HAL_FDCAN_ActivateNotification
 .text.HAL_FDCAN_IRQHandler
                0x0800271c      0x4bc ./Drivers/STM32H7xx_HAL_Driver/Src/stm32h7xx_hal_fdcan.o
                0x0800271c                HAL_FDCAN_IRQHandler
 .text.HAL_FDCAN_ClockCalibrationCallback
                0x08002bd8       0x16 ./Drivers/STM32H7xx_HAL_Driver/Src/stm32h7xx_hal_fdcan.o
                0x08002bd8                HAL_FDCAN_ClockCalibrationCallback
 .text.HAL_FDCAN_TxEventFifoCallback
                0x08002bee       0x16 ./Drivers/STM32H7xx_HAL_Driver/Src/stm32h7xx_hal_fdcan.o
                0x08002bee                HAL_FDCAN_TxEventFifoCallback
 .text.HAL_FDCAN_RxFifo1Callback
                0x08002c04       0x16 ./Drivers/STM32H7xx_HAL_Driver/Src/stm32h7xx_hal_fdcan.o
                0x08002c04                HAL_FDCAN_RxFifo1Callback
 .text.HAL_FDCAN_TxFifoEmptyCallback
                0x08002c1a       0x14 ./Drivers/STM32H7xx_HAL_Driver/Src/stm32h7xx_hal_fdcan.o
                0x08002c1a                HAL_FDCAN_TxFifoEmptyCallback
 .text.HAL_FDCAN_TxBufferCompleteCallback
                0x08002c2e       0x16 ./Drivers/STM32H7xx_HAL_Driver/Src/stm32h7xx_hal_fdcan.o
                0x08002c2e                HAL_FDCAN_TxBufferCompleteCallback
 .text.HAL_FDCAN_TxBufferAbortCallback
                0x08002c44       0x16 ./Drivers/STM32H7xx_HAL_Driver/Src/stm32h7xx_hal_fdcan.o
                0x08002c44                HAL_FDCAN_TxBufferAbortCallback
 .text.HAL_FDCAN_RxBufferNewMessageCallback
                0x08002c5a       0x14 ./Drivers/STM32H7xx_HAL_Driver/Src/stm32h7xx_hal_fdcan.o
                0x08002c5a                HAL_FDCAN_RxBufferNewMessageCallback
 .text.HAL_FDCAN_TimestampWraparoundCallback
                0x08002c6e       0x14 ./Drivers/STM32H7xx_HAL_Driver/Src/stm32h7xx_hal_fdcan.o
                0x08002c6e                HAL_FDCAN_TimestampWraparoundCallback
 .text.HAL_FDCAN_TimeoutOccurredCallback
                0x08002c82       0x14 ./Drivers/STM32H7xx_HAL_Driver/Src/stm32h7xx_hal_fdcan.o
                0x08002c82                HAL_FDCAN_TimeoutOccurredCallback
 .text.HAL_FDCAN_HighPriorityMessageCallback
                0x08002c96       0x14 ./Drivers/STM32H7xx_HAL_Driver/Src/stm32h7xx_hal_fdcan.o
                0x08002c96                HAL_FDCAN_HighPriorityMessageCallback
 .text.HAL_FDCAN_ErrorCallback
                0x08002caa       0x14 ./Drivers/STM32H7xx_HAL_Driver/Src/stm32h7xx_hal_fdcan.o
                0x08002caa                HAL_FDCAN_ErrorCallback
 .text.HAL_FDCAN_ErrorStatusCallback
                0x08002cbe       0x16 ./Drivers/STM32H7xx_HAL_Driver/Src/stm32h7xx_hal_fdcan.o
                0x08002cbe                HAL_FDCAN_ErrorStatusCallback
 .text.HAL_FDCAN_TT_ScheduleSyncCallback
                0x08002cd4       0x16 ./Drivers/STM32H7xx_HAL_Driver/Src/stm32h7xx_hal_fdcan.o
                0x08002cd4                HAL_FDCAN_TT_ScheduleSyncCallback
 .text.HAL_FDCAN_TT_TimeMarkCallback
                0x08002cea       0x16 ./Drivers/STM32H7xx_HAL_Driver/Src/stm32h7xx_hal_fdcan.o
                0x08002cea                HAL_FDCAN_TT_TimeMarkCallback
 .text.HAL_FDCAN_TT_StopWatchCallback
                0x08002d00       0x18 ./Drivers/STM32H7xx_HAL_Driver/Src/stm32h7xx_hal_fdcan.o
                0x08002d00                HAL_FDCAN_TT_StopWatchCallback
 .text.HAL_FDCAN_TT_GlobalTimeCallback
                0x08002d18       0x16 ./Drivers/STM32H7xx_HAL_Driver/Src/stm32h7xx_hal_fdcan.o
                0x08002d18                HAL_FDCAN_TT_GlobalTimeCallback
 *fill*         0x08002d2e        0x2 
 .text.FDCAN_CalcultateRamBlockAddresses
                0x08002d30      0x30c ./Drivers/STM32H7xx_HAL_Driver/Src/stm32h7xx_hal_fdcan.o
 .text.HAL_GPIO_Init
                0x0800303c      0x360 ./Drivers/STM32H7xx_HAL_Driver/Src/stm32h7xx_hal_gpio.o
                0x0800303c                HAL_GPIO_Init
 .text.HAL_GPIO_WritePin
                0x0800339c       0x32 ./Drivers/STM32H7xx_HAL_Driver/Src/stm32h7xx_hal_gpio.o
                0x0800339c                HAL_GPIO_WritePin
 .text.HAL_GPIO_TogglePin
                0x080033ce       0x34 ./Drivers/STM32H7xx_HAL_Driver/Src/stm32h7xx_hal_gpio.o
                0x080033ce                HAL_GPIO_TogglePin
 *fill*         0x08003402        0x2 
 .text.HAL_I2C_Init
                0x08003404      0x138 ./Drivers/STM32H7xx_HAL_Driver/Src/stm32h7xx_hal_i2c.o
                0x08003404                HAL_I2C_Init
 .text.HAL_I2C_EV_IRQHandler
                0x0800353c       0x34 ./Drivers/STM32H7xx_HAL_Driver/Src/stm32h7xx_hal_i2c.o
                0x0800353c                HAL_I2C_EV_IRQHandler
 .text.HAL_I2C_ER_IRQHandler
                0x08003570       0xc2 ./Drivers/STM32H7xx_HAL_Driver/Src/stm32h7xx_hal_i2c.o
                0x08003570                HAL_I2C_ER_IRQHandler
 .text.HAL_I2C_SlaveTxCpltCallback
                0x08003632       0x14 ./Drivers/STM32H7xx_HAL_Driver/Src/stm32h7xx_hal_i2c.o
                0x08003632                HAL_I2C_SlaveTxCpltCallback
 .text.HAL_I2C_SlaveRxCpltCallback
                0x08003646       0x14 ./Drivers/STM32H7xx_HAL_Driver/Src/stm32h7xx_hal_i2c.o
                0x08003646                HAL_I2C_SlaveRxCpltCallback
 .text.HAL_I2C_AddrCallback
                0x0800365a       0x1c ./Drivers/STM32H7xx_HAL_Driver/Src/stm32h7xx_hal_i2c.o
                0x0800365a                HAL_I2C_AddrCallback
 .text.HAL_I2C_ListenCpltCallback
                0x08003676       0x14 ./Drivers/STM32H7xx_HAL_Driver/Src/stm32h7xx_hal_i2c.o
                0x08003676                HAL_I2C_ListenCpltCallback
 .text.HAL_I2C_ErrorCallback
                0x0800368a       0x14 ./Drivers/STM32H7xx_HAL_Driver/Src/stm32h7xx_hal_i2c.o
                0x0800368a                HAL_I2C_ErrorCallback
 .text.HAL_I2C_AbortCpltCallback
                0x0800369e       0x14 ./Drivers/STM32H7xx_HAL_Driver/Src/stm32h7xx_hal_i2c.o
                0x0800369e                HAL_I2C_AbortCpltCallback
 .text.I2C_Slave_ISR_IT
                0x080036b2      0x208 ./Drivers/STM32H7xx_HAL_Driver/Src/stm32h7xx_hal_i2c.o
 .text.I2C_ITAddrCplt
                0x080038ba      0x108 ./Drivers/STM32H7xx_HAL_Driver/Src/stm32h7xx_hal_i2c.o
 .text.I2C_ITSlaveSeqCplt
                0x080039c2       0xbc ./Drivers/STM32H7xx_HAL_Driver/Src/stm32h7xx_hal_i2c.o
 *fill*         0x08003a7e        0x2 
 .text.I2C_ITSlaveCplt
                0x08003a80      0x4b4 ./Drivers/STM32H7xx_HAL_Driver/Src/stm32h7xx_hal_i2c.o
 .text.I2C_ITListenCplt
                0x08003f34       0xac ./Drivers/STM32H7xx_HAL_Driver/Src/stm32h7xx_hal_i2c.o
 .text.I2C_ITError
                0x08003fe0      0x1e0 ./Drivers/STM32H7xx_HAL_Driver/Src/stm32h7xx_hal_i2c.o
 .text.I2C_TreatErrorCallback
                0x080041c0       0x4e ./Drivers/STM32H7xx_HAL_Driver/Src/stm32h7xx_hal_i2c.o
 .text.I2C_Flush_TXDR
                0x0800420e       0x48 ./Drivers/STM32H7xx_HAL_Driver/Src/stm32h7xx_hal_i2c.o
 .text.I2C_DMAAbort
                0x08004256       0x3c ./Drivers/STM32H7xx_HAL_Driver/Src/stm32h7xx_hal_i2c.o
 .text.I2C_Disable_IRQ
                0x08004292       0xbc ./Drivers/STM32H7xx_HAL_Driver/Src/stm32h7xx_hal_i2c.o
 .text.HAL_I2CEx_ConfigAnalogFilter
                0x0800434e       0x96 ./Drivers/STM32H7xx_HAL_Driver/Src/stm32h7xx_hal_i2c_ex.o
                0x0800434e                HAL_I2CEx_ConfigAnalogFilter
 .text.HAL_I2CEx_ConfigDigitalFilter
                0x080043e4       0x98 ./Drivers/STM32H7xx_HAL_Driver/Src/stm32h7xx_hal_i2c_ex.o
                0x080043e4                HAL_I2CEx_ConfigDigitalFilter
 .text.HAL_PWREx_ConfigSupply
                0x0800447c       0x74 ./Drivers/STM32H7xx_HAL_Driver/Src/stm32h7xx_hal_pwr_ex.o
                0x0800447c                HAL_PWREx_ConfigSupply
 .text.HAL_RCC_OscConfig
                0x080044f0      0x8b4 ./Drivers/STM32H7xx_HAL_Driver/Src/stm32h7xx_hal_rcc.o
                0x080044f0                HAL_RCC_OscConfig
 .text.HAL_RCC_ClockConfig
                0x08004da4      0x36c ./Drivers/STM32H7xx_HAL_Driver/Src/stm32h7xx_hal_rcc.o
                0x08004da4                HAL_RCC_ClockConfig
 .text.HAL_RCC_GetSysClockFreq
                0x08005110      0x2f4 ./Drivers/STM32H7xx_HAL_Driver/Src/stm32h7xx_hal_rcc.o
                0x08005110                HAL_RCC_GetSysClockFreq
 .text.HAL_RCCEx_PeriphCLKConfig
                0x08005404     0x1414 ./Drivers/STM32H7xx_HAL_Driver/Src/stm32h7xx_hal_rcc_ex.o
                0x08005404                HAL_RCCEx_PeriphCLKConfig
 .text.RCCEx_PLL2_Config
                0x08006818      0x164 ./Drivers/STM32H7xx_HAL_Driver/Src/stm32h7xx_hal_rcc_ex.o
 .text.RCCEx_PLL3_Config
                0x0800697c      0x164 ./Drivers/STM32H7xx_HAL_Driver/Src/stm32h7xx_hal_rcc_ex.o
 .text.HAL_TIM_Encoder_Init
                0x08006ae0      0x14c ./Drivers/STM32H7xx_HAL_Driver/Src/stm32h7xx_hal_tim.o
                0x08006ae0                HAL_TIM_Encoder_Init
 .text.HAL_TIM_Encoder_Start
                0x08006c2c      0x11c ./Drivers/STM32H7xx_HAL_Driver/Src/stm32h7xx_hal_tim.o
                0x08006c2c                HAL_TIM_Encoder_Start
 .text.HAL_TIM_IRQHandler
                0x08006d48      0x20e ./Drivers/STM32H7xx_HAL_Driver/Src/stm32h7xx_hal_tim.o
                0x08006d48                HAL_TIM_IRQHandler
 .text.HAL_TIM_PeriodElapsedCallback
                0x08006f56       0x14 ./Drivers/STM32H7xx_HAL_Driver/Src/stm32h7xx_hal_tim.o
                0x08006f56                HAL_TIM_PeriodElapsedCallback
 .text.HAL_TIM_OC_DelayElapsedCallback
                0x08006f6a       0x14 ./Drivers/STM32H7xx_HAL_Driver/Src/stm32h7xx_hal_tim.o
                0x08006f6a                HAL_TIM_OC_DelayElapsedCallback
 .text.HAL_TIM_PWM_PulseFinishedCallback
                0x08006f7e       0x14 ./Drivers/STM32H7xx_HAL_Driver/Src/stm32h7xx_hal_tim.o
                0x08006f7e                HAL_TIM_PWM_PulseFinishedCallback
 .text.HAL_TIM_TriggerCallback
                0x08006f92       0x14 ./Drivers/STM32H7xx_HAL_Driver/Src/stm32h7xx_hal_tim.o
                0x08006f92                HAL_TIM_TriggerCallback
 *fill*         0x08006fa6        0x2 
 .text.TIM_Base_SetConfig
                0x08006fa8      0x140 ./Drivers/STM32H7xx_HAL_Driver/Src/stm32h7xx_hal_tim.o
                0x08006fa8                TIM_Base_SetConfig
 .text.TIM_CCxChannelCmd
                0x080070e8       0x4a ./Drivers/STM32H7xx_HAL_Driver/Src/stm32h7xx_hal_tim.o
                0x080070e8                TIM_CCxChannelCmd
 *fill*         0x08007132        0x2 
 .text.HAL_TIMEx_MasterConfigSynchronization
                0x08007134      0x11c ./Drivers/STM32H7xx_HAL_Driver/Src/stm32h7xx_hal_tim_ex.o
                0x08007134                HAL_TIMEx_MasterConfigSynchronization
 .text.HAL_TIMEx_CommutCallback
                0x08007250       0x14 ./Drivers/STM32H7xx_HAL_Driver/Src/stm32h7xx_hal_tim_ex.o
                0x08007250                HAL_TIMEx_CommutCallback
 .text.HAL_TIMEx_BreakCallback
                0x08007264       0x14 ./Drivers/STM32H7xx_HAL_Driver/Src/stm32h7xx_hal_tim_ex.o
                0x08007264                HAL_TIMEx_BreakCallback
 .text.HAL_TIMEx_Break2Callback
                0x08007278       0x14 ./Drivers/STM32H7xx_HAL_Driver/Src/stm32h7xx_hal_tim_ex.o
                0x08007278                HAL_TIMEx_Break2Callback
 .text.memset   0x0800728c       0x10 C:/ST/STM32CubeIDE_1.19.0/STM32CubeIDE/plugins/com.st.stm32cube.ide.mcu.externaltools.gnu-tools-for-stm32.13.3.rel1.win32_1.0.0.202411081344/tools/bin/../lib/gcc/arm-none-eabi/13.3.1/../../../../arm-none-eabi/lib/thumb/v7e-m+dp/hard\libc_nano.a(libc_a-memset.o)
                0x0800728c                memset
 .text.__libc_init_array
                0x0800729c       0x48 C:/ST/STM32CubeIDE_1.19.0/STM32CubeIDE/plugins/com.st.stm32cube.ide.mcu.externaltools.gnu-tools-for-stm32.13.3.rel1.win32_1.0.0.202411081344/tools/bin/../lib/gcc/arm-none-eabi/13.3.1/../../../../arm-none-eabi/lib/thumb/v7e-m+dp/hard\libc_nano.a(libc_a-init.o)
                0x0800729c                __libc_init_array
 .text.memcpy   0x080072e4       0x1c C:/ST/STM32CubeIDE_1.19.0/STM32CubeIDE/plugins/com.st.stm32cube.ide.mcu.externaltools.gnu-tools-for-stm32.13.3.rel1.win32_1.0.0.202411081344/tools/bin/../lib/gcc/arm-none-eabi/13.3.1/../../../../arm-none-eabi/lib/thumb/v7e-m+dp/hard\libc_nano.a(libc_a-memcpy-stub.o)
                0x080072e4                memcpy
 *(.glue_7)
 .glue_7        0x08007300        0x0 linker stubs
 *(.glue_7t)
 .glue_7t       0x08007300        0x0 linker stubs
 *(.eh_frame)
 .eh_frame      0x08007300        0x0 C:/ST/STM32CubeIDE_1.19.0/STM32CubeIDE/plugins/com.st.stm32cube.ide.mcu.externaltools.gnu-tools-for-stm32.13.3.rel1.win32_1.0.0.202411081344/tools/bin/../lib/gcc/arm-none-eabi/13.3.1/thumb/v7e-m+dp/hard/crtbegin.o
 *(.init)
 .init          0x08007300        0x4 C:/ST/STM32CubeIDE_1.19.0/STM32CubeIDE/plugins/com.st.stm32cube.ide.mcu.externaltools.gnu-tools-for-stm32.13.3.rel1.win32_1.0.0.202411081344/tools/bin/../lib/gcc/arm-none-eabi/13.3.1/thumb/v7e-m+dp/hard/crti.o
                0x08007300                _init
 .init          0x08007304        0x8 C:/ST/STM32CubeIDE_1.19.0/STM32CubeIDE/plugins/com.st.stm32cube.ide.mcu.externaltools.gnu-tools-for-stm32.13.3.rel1.win32_1.0.0.202411081344/tools/bin/../lib/gcc/arm-none-eabi/13.3.1/thumb/v7e-m+dp/hard/crtn.o
 *(.fini)
 .fini          0x0800730c        0x4 C:/ST/STM32CubeIDE_1.19.0/STM32CubeIDE/plugins/com.st.stm32cube.ide.mcu.externaltools.gnu-tools-for-stm32.13.3.rel1.win32_1.0.0.202411081344/tools/bin/../lib/gcc/arm-none-eabi/13.3.1/thumb/v7e-m+dp/hard/crti.o
                0x0800730c                _fini
 .fini          0x08007310        0x8 C:/ST/STM32CubeIDE_1.19.0/STM32CubeIDE/plugins/com.st.stm32cube.ide.mcu.externaltools.gnu-tools-for-stm32.13.3.rel1.win32_1.0.0.202411081344/tools/bin/../lib/gcc/arm-none-eabi/13.3.1/thumb/v7e-m+dp/hard/crtn.o
                0x08007318                        . = ALIGN (0x4)
                0x08007318                        _etext = .

.vfp11_veneer   0x08007318        0x0
 .vfp11_veneer  0x08007318        0x0 linker stubs

.v4_bx          0x08007318        0x0
 .v4_bx         0x08007318        0x0 linker stubs

.iplt           0x08007318        0x0
 .iplt          0x08007318        0x0 C:/ST/STM32CubeIDE_1.19.0/STM32CubeIDE/plugins/com.st.stm32cube.ide.mcu.externaltools.gnu-tools-for-stm32.13.3.rel1.win32_1.0.0.202411081344/tools/bin/../lib/gcc/arm-none-eabi/13.3.1/thumb/v7e-m+dp/hard/crtbegin.o

.rodata         0x08007318       0x6c
                0x08007318                        . = ALIGN (0x4)
 *(.rodata)
 .rodata        0x08007318       0x4c ./Drivers/STM32H7xx_HAL_Driver/Src/stm32h7xx_hal_fdcan.o
 *(.rodata*)
 .rodata.D1CorePrescTable
                0x08007364       0x10 ./Core/Src/system_stm32h7xx.o
                0x08007364                D1CorePrescTable
 .rodata.DLCtoBytes
                0x08007374       0x10 ./Drivers/STM32H7xx_HAL_Driver/Src/stm32h7xx_hal_fdcan.o
                0x08007384                        . = ALIGN (0x4)

.ARM.extab
 *(.ARM.extab* .gnu.linkonce.armextab.*)

.ARM            0x08007384        0x0
                0x08007384                        __exidx_start = .
 *(.ARM.exidx*)
                0x08007384                        __exidx_end = .

.preinit_array  0x08007384        0x0
                0x08007384                        PROVIDE (__preinit_array_start = .)
 *(.preinit_array*)
                0x08007384                        PROVIDE (__preinit_array_end = .)

.init_array     0x08007384        0x4
                0x08007384                        PROVIDE (__init_array_start = .)
 *(SORT_BY_NAME(.init_array.*))
 *(.init_array*)
 .init_array    0x08007384        0x4 C:/ST/STM32CubeIDE_1.19.0/STM32CubeIDE/plugins/com.st.stm32cube.ide.mcu.externaltools.gnu-tools-for-stm32.13.3.rel1.win32_1.0.0.202411081344/tools/bin/../lib/gcc/arm-none-eabi/13.3.1/thumb/v7e-m+dp/hard/crtbegin.o
                0x08007388                        PROVIDE (__init_array_end = .)

.fini_array     0x08007388        0x4
                [!provide]                        PROVIDE (__fini_array_start = .)
 *(SORT_BY_NAME(.fini_array.*))
 *(.fini_array*)
 .fini_array    0x08007388        0x4 C:/ST/STM32CubeIDE_1.19.0/STM32CubeIDE/plugins/com.st.stm32cube.ide.mcu.externaltools.gnu-tools-for-stm32.13.3.rel1.win32_1.0.0.202411081344/tools/bin/../lib/gcc/arm-none-eabi/13.3.1/thumb/v7e-m+dp/hard/crtbegin.o
                [!provide]                        PROVIDE (__fini_array_end = .)
                0x0800738c                        _sidata = LOADADDR (.data)

.rel.dyn        0x0800738c        0x0
 .rel.iplt      0x0800738c        0x0 C:/ST/STM32CubeIDE_1.19.0/STM32CubeIDE/plugins/com.st.stm32cube.ide.mcu.externaltools.gnu-tools-for-stm32.13.3.rel1.win32_1.0.0.202411081344/tools/bin/../lib/gcc/arm-none-eabi/13.3.1/thumb/v7e-m+dp/hard/crtbegin.o

.data           0x24000000       0x10 load address 0x0800738c
                0x24000000                        . = ALIGN (0x4)
                0x24000000                        _sdata = .
 *(.data)
 *(.data*)
 .data.SystemCoreClock
                0x24000000        0x4 ./Core/Src/system_stm32h7xx.o
                0x24000000                SystemCoreClock
 .data.SystemD2Clock
                0x24000004        0x4 ./Core/Src/system_stm32h7xx.o
                0x24000004                SystemD2Clock
 .data.uwTickPrio
                0x24000008        0x4 ./Drivers/STM32H7xx_HAL_Driver/Src/stm32h7xx_hal.o
                0x24000008                uwTickPrio
 .data.uwTickFreq
                0x2400000c        0x1 ./Drivers/STM32H7xx_HAL_Driver/Src/stm32h7xx_hal.o
                0x2400000c                uwTickFreq
 *(.RamFunc)
 *(.RamFunc*)
                0x24000010                        . = ALIGN (0x4)
 *fill*         0x2400000d        0x3 
                0x24000010                        _edata = .

.igot.plt       0x24000010        0x0 load address 0x0800739c
 .igot.plt      0x24000010        0x0 C:/ST/STM32CubeIDE_1.19.0/STM32CubeIDE/plugins/com.st.stm32cube.ide.mcu.externaltools.gnu-tools-for-stm32.13.3.rel1.win32_1.0.0.202411081344/tools/bin/../lib/gcc/arm-none-eabi/13.3.1/thumb/v7e-m+dp/hard/crtbegin.o
                0x24000010                        . = ALIGN (0x4)

.bss            0x24000010      0x3dc load address 0x0800739c
                0x24000010                        _sbss = .
                0x24000010                        __bss_start__ = _sbss
 *(.bss)
 .bss           0x24000010       0x1c C:/ST/STM32CubeIDE_1.19.0/STM32CubeIDE/plugins/com.st.stm32cube.ide.mcu.externaltools.gnu-tools-for-stm32.13.3.rel1.win32_1.0.0.202411081344/tools/bin/../lib/gcc/arm-none-eabi/13.3.1/thumb/v7e-m+dp/hard/crtbegin.o
 *(.bss*)
 .bss.unknownIDs
                0x2400002c       0x80 ./Core/Src/canVFD.o
                0x2400002c                unknownIDs
 .bss.unknownIndex
                0x240000ac        0x4 ./Core/Src/canVFD.o
                0x240000ac                unknownIndex
 .bss.RxData    0x240000b0        0x8 ./Core/Src/canVFD.o
                0x240000b0                RxData
 .bss.RxHeader  0x240000b8       0x28 ./Core/Src/canVFD.o
                0x240000b8                RxHeader
 .bss.head      0x240000e0        0x4 ./Core/Src/canVFD.o
                0x240000e0                head
 .bss.tail      0x240000e4        0x4 ./Core/Src/canVFD.o
                0x240000e4                tail
 .bss.canQ      0x240000e8      0x180 ./Core/Src/canVFD.o
                0x240000e8                canQ
 .bss.counter   0x24000268        0x2 ./Core/Src/encoder.o
                0x24000268                counter
 .bss.count     0x2400026a        0x2 ./Core/Src/encoder.o
                0x2400026a                count
 .bss.hdac1     0x2400026c       0x14 ./Core/Src/main.o
                0x2400026c                hdac1
 .bss.hfdcan1   0x24000280       0xa0 ./Core/Src/main.o
                0x24000280                hfdcan1
 .bss.hi2c1     0x24000320       0x54 ./Core/Src/main.o
                0x24000320                hi2c1
 .bss.htim2     0x24000374       0x4c ./Core/Src/main.o
                0x24000374                htim2
 .bss.debug0    0x240003c0        0x4 ./Core/Src/main.o
                0x240003c0                debug0
 .bss.speedLSB  0x240003c4        0x1 ./Core/Src/main.o
                0x240003c4                speedLSB
 .bss.speedMSB  0x240003c5        0x1 ./Core/Src/main.o
                0x240003c5                speedMSB
 .bss.errorCode
                0x240003c6        0x1 ./Core/Src/main.o
                0x240003c6                errorCode
 .bss.batteryVoltageLSB
                0x240003c7        0x1 ./Core/Src/main.o
                0x240003c7                batteryVoltageLSB
 .bss.batteryVoltageMSB
                0x240003c8        0x1 ./Core/Src/main.o
                0x240003c8                batteryVoltageMSB
 .bss.motorCurrentLSB
                0x240003c9        0x1 ./Core/Src/main.o
                0x240003c9                motorCurrentLSB
 .bss.motorCurrentMSB
                0x240003ca        0x1 ./Core/Src/main.o
                0x240003ca                motorCurrentMSB
 .bss.motorTempLSB
                0x240003cb        0x1 ./Core/Src/main.o
                0x240003cb                motorTempLSB
 .bss.motorTempMSB
                0x240003cc        0x1 ./Core/Src/main.o
                0x240003cc                motorTempMSB
 .bss.controllerTempLSB
                0x240003cd        0x1 ./Core/Src/main.o
                0x240003cd                controllerTempLSB
 .bss.controllerTempMSB
                0x240003ce        0x1 ./Core/Src/main.o
                0x240003ce                controllerTempMSB
 *fill*         0x240003cf        0x1 
 .bss.totalspeed
                0x240003d0        0x2 ./Core/Src/main.o
                0x240003d0                totalspeed
 .bss.packSOC   0x240003d2        0x1 ./Core/Src/main.o
                0x240003d2                packSOC
 *fill*         0x240003d3        0x1 
 .bss.lowestCellVoltage
                0x240003d4        0x2 ./Core/Src/main.o
                0x240003d4                lowestCellVoltage
 .bss.avgCellVoltage
                0x240003d6        0x2 ./Core/Src/main.o
                0x240003d6                avgCellVoltage
 .bss.highestCellVoltage
                0x240003d8        0x2 ./Core/Src/main.o
                0x240003d8                highestCellVoltage
 *fill*         0x240003da        0x2 
 .bss.bmsTestCounter
                0x240003dc        0x4 ./Core/Src/main.o
                0x240003dc                bmsTestCounter
 .bss.insulationResistance
                0x240003e0        0x2 ./Core/Src/main.o
                0x240003e0                insulationResistance
 .bss.iso_status
                0x240003e2        0x1 ./Core/Src/main.o
                0x240003e2                iso_status
 .bss.imd_counter
                0x240003e3        0x1 ./Core/Src/main.o
                0x240003e3                imd_counter
 .bss.imd_warnings
                0x240003e4        0x2 ./Core/Src/main.o
                0x240003e4                imd_warnings
 .bss.deviceActivity
                0x240003e6        0x1 ./Core/Src/main.o
                0x240003e6                deviceActivity
 *fill*         0x240003e7        0x1 
 .bss.uwTick    0x240003e8        0x4 ./Drivers/STM32H7xx_HAL_Driver/Src/stm32h7xx_hal.o
                0x240003e8                uwTick
 *(COMMON)
                0x240003ec                        . = ALIGN (0x4)
                0x240003ec                        _ebss = .
                0x240003ec                        __bss_end__ = _ebss

._user_heap_stack
                0x240003ec      0x604 load address 0x0800739c
                0x240003f0                        . = ALIGN (0x8)
 *fill*         0x240003ec        0x4 
                [!provide]                        PROVIDE (end = .)
                0x240003f0                        PROVIDE (_end = .)
                0x240005f0                        . = (. + _Min_Heap_Size)
 *fill*         0x240003f0      0x200 
                0x240009f0                        . = (. + _Min_Stack_Size)
 *fill*         0x240005f0      0x400 
                0x240009f0                        . = ALIGN (0x8)

/DISCARD/
 libc.a(*)
 libm.a(*)
 libgcc.a(*)

.ARM.attributes
                0x00000000       0x2e
 *(.ARM.attributes)
 .ARM.attributes
                0x00000000       0x20 C:/ST/STM32CubeIDE_1.19.0/STM32CubeIDE/plugins/com.st.stm32cube.ide.mcu.externaltools.gnu-tools-for-stm32.13.3.rel1.win32_1.0.0.202411081344/tools/bin/../lib/gcc/arm-none-eabi/13.3.1/thumb/v7e-m+dp/hard/crti.o
 .ARM.attributes
                0x00000020       0x32 C:/ST/STM32CubeIDE_1.19.0/STM32CubeIDE/plugins/com.st.stm32cube.ide.mcu.externaltools.gnu-tools-for-stm32.13.3.rel1.win32_1.0.0.202411081344/tools/bin/../lib/gcc/arm-none-eabi/13.3.1/thumb/v7e-m+dp/hard/crtbegin.o
 .ARM.attributes
                0x00000052       0x32 ./Core/Src/canVFD.o
 .ARM.attributes
                0x00000084       0x32 ./Core/Src/encoder.o
 .ARM.attributes
                0x000000b6       0x32 ./Core/Src/main.o
 .ARM.attributes
                0x000000e8       0x32 ./Core/Src/stm32h7xx_hal_msp.o
 .ARM.attributes
                0x0000011a       0x32 ./Core/Src/stm32h7xx_it.o
 .ARM.attributes
                0x0000014c       0x32 ./Core/Src/system_stm32h7xx.o
 .ARM.attributes
                0x0000017e       0x21 ./Core/Startup/startup_stm32h753zitx.o
 .ARM.attributes
                0x0000019f       0x32 ./Drivers/STM32H7xx_HAL_Driver/Src/stm32h7xx_hal.o
 .ARM.attributes
                0x000001d1       0x32 ./Drivers/STM32H7xx_HAL_Driver/Src/stm32h7xx_hal_cortex.o
 .ARM.attributes
                0x00000203       0x32 ./Drivers/STM32H7xx_HAL_Driver/Src/stm32h7xx_hal_dac.o
 .ARM.attributes
                0x00000235       0x32 ./Drivers/STM32H7xx_HAL_Driver/Src/stm32h7xx_hal_dma.o
 .ARM.attributes
                0x00000267       0x32 ./Drivers/STM32H7xx_HAL_Driver/Src/stm32h7xx_hal_fdcan.o
 .ARM.attributes
                0x00000299       0x32 ./Drivers/STM32H7xx_HAL_Driver/Src/stm32h7xx_hal_gpio.o
 .ARM.attributes
                0x000002cb       0x32 ./Drivers/STM32H7xx_HAL_Driver/Src/stm32h7xx_hal_i2c.o
 .ARM.attributes
                0x000002fd       0x32 ./Drivers/STM32H7xx_HAL_Driver/Src/stm32h7xx_hal_i2c_ex.o
 .ARM.attributes
                0x0000032f       0x32 ./Drivers/STM32H7xx_HAL_Driver/Src/stm32h7xx_hal_pwr_ex.o
 .ARM.attributes
                0x00000361       0x32 ./Drivers/STM32H7xx_HAL_Driver/Src/stm32h7xx_hal_rcc.o
 .ARM.attributes
                0x00000393       0x32 ./Drivers/STM32H7xx_HAL_Driver/Src/stm32h7xx_hal_rcc_ex.o
 .ARM.attributes
                0x000003c5       0x32 ./Drivers/STM32H7xx_HAL_Driver/Src/stm32h7xx_hal_tim.o
 .ARM.attributes
                0x000003f7       0x32 ./Drivers/STM32H7xx_HAL_Driver/Src/stm32h7xx_hal_tim_ex.o
 .ARM.attributes
                0x00000429       0x32 C:/ST/STM32CubeIDE_1.19.0/STM32CubeIDE/plugins/com.st.stm32cube.ide.mcu.externaltools.gnu-tools-for-stm32.13.3.rel1.win32_1.0.0.202411081344/tools/bin/../lib/gcc/arm-none-eabi/13.3.1/../../../../arm-none-eabi/lib/thumb/v7e-m+dp/hard\libc_nano.a(libc_a-memset.o)
 .ARM.attributes
                0x0000045b       0x32 C:/ST/STM32CubeIDE_1.19.0/STM32CubeIDE/plugins/com.st.stm32cube.ide.mcu.externaltools.gnu-tools-for-stm32.13.3.rel1.win32_1.0.0.202411081344/tools/bin/../lib/gcc/arm-none-eabi/13.3.1/../../../../arm-none-eabi/lib/thumb/v7e-m+dp/hard\libc_nano.a(libc_a-init.o)
 .ARM.attributes
                0x0000048d       0x32 C:/ST/STM32CubeIDE_1.19.0/STM32CubeIDE/plugins/com.st.stm32cube.ide.mcu.externaltools.gnu-tools-for-stm32.13.3.rel1.win32_1.0.0.202411081344/tools/bin/../lib/gcc/arm-none-eabi/13.3.1/../../../../arm-none-eabi/lib/thumb/v7e-m+dp/hard\libc_nano.a(libc_a-memcpy-stub.o)
 .ARM.attributes
                0x000004bf       0x20 C:/ST/STM32CubeIDE_1.19.0/STM32CubeIDE/plugins/com.st.stm32cube.ide.mcu.externaltools.gnu-tools-for-stm32.13.3.rel1.win32_1.0.0.202411081344/tools/bin/../lib/gcc/arm-none-eabi/13.3.1/thumb/v7e-m+dp/hard/crtn.o
OUTPUT(hx11-power-systems.elf elf32-littlearm)
LOAD linker stubs
LOAD C:/ST/STM32CubeIDE_1.19.0/STM32CubeIDE/plugins/com.st.stm32cube.ide.mcu.externaltools.gnu-tools-for-stm32.13.3.rel1.win32_1.0.0.202411081344/tools/bin/../lib/gcc/arm-none-eabi/13.3.1/../../../../arm-none-eabi/lib/thumb/v7e-m+dp/hard\libc.a
LOAD C:/ST/STM32CubeIDE_1.19.0/STM32CubeIDE/plugins/com.st.stm32cube.ide.mcu.externaltools.gnu-tools-for-stm32.13.3.rel1.win32_1.0.0.202411081344/tools/bin/../lib/gcc/arm-none-eabi/13.3.1/../../../../arm-none-eabi/lib/thumb/v7e-m+dp/hard\libm.a
LOAD C:/ST/STM32CubeIDE_1.19.0/STM32CubeIDE/plugins/com.st.stm32cube.ide.mcu.externaltools.gnu-tools-for-stm32.13.3.rel1.win32_1.0.0.202411081344/tools/bin/../lib/gcc/arm-none-eabi/13.3.1/thumb/v7e-m+dp/hard\libgcc.a

.debug_info     0x00000000    0x19d62
 .debug_info    0x00000000      0xd5a ./Core/Src/canVFD.o
 .debug_info    0x00000d5a      0x7b3 ./Core/Src/encoder.o
 .debug_info    0x0000150d     0x2a9e ./Core/Src/main.o
 .debug_info    0x00003fab     0x221c ./Core/Src/stm32h7xx_hal_msp.o
 .debug_info    0x000061c7     0x1348 ./Core/Src/stm32h7xx_it.o
 .debug_info    0x0000750f      0xdb2 ./Core/Src/system_stm32h7xx.o
 .debug_info    0x000082c1       0x30 ./Core/Startup/startup_stm32h753zitx.o
 .debug_info    0x000082f1     0x1541 ./Drivers/STM32H7xx_HAL_Driver/Src/stm32h7xx_hal.o
 .debug_info    0x00009832     0x10b7 ./Drivers/STM32H7xx_HAL_Driver/Src/stm32h7xx_hal_cortex.o
 .debug_info    0x0000a8e9      0xbb8 ./Drivers/STM32H7xx_HAL_Driver/Src/stm32h7xx_hal_dac.o
 .debug_info    0x0000b4a1      0xc31 ./Drivers/STM32H7xx_HAL_Driver/Src/stm32h7xx_hal_dma.o
 .debug_info    0x0000c0d2     0x2baf ./Drivers/STM32H7xx_HAL_Driver/Src/stm32h7xx_hal_fdcan.o
 .debug_info    0x0000ec81      0xc5a ./Drivers/STM32H7xx_HAL_Driver/Src/stm32h7xx_hal_gpio.o
 .debug_info    0x0000f8db     0x22c9 ./Drivers/STM32H7xx_HAL_Driver/Src/stm32h7xx_hal_i2c.o
 .debug_info    0x00011ba4      0xd84 ./Drivers/STM32H7xx_HAL_Driver/Src/stm32h7xx_hal_i2c_ex.o
 .debug_info    0x00012928     0x1012 ./Drivers/STM32H7xx_HAL_Driver/Src/stm32h7xx_hal_pwr_ex.o
 .debug_info    0x0001393a      0xe6a ./Drivers/STM32H7xx_HAL_Driver/Src/stm32h7xx_hal_rcc.o
 .debug_info    0x000147a4     0x1225 ./Drivers/STM32H7xx_HAL_Driver/Src/stm32h7xx_hal_rcc_ex.o
 .debug_info    0x000159c9     0x2bae ./Drivers/STM32H7xx_HAL_Driver/Src/stm32h7xx_hal_tim.o
 .debug_info    0x00018577     0x17eb ./Drivers/STM32H7xx_HAL_Driver/Src/stm32h7xx_hal_tim_ex.o

.debug_abbrev   0x00000000     0x2c57
 .debug_abbrev  0x00000000      0x242 ./Core/Src/canVFD.o
 .debug_abbrev  0x00000242      0x160 ./Core/Src/encoder.o
 .debug_abbrev  0x000003a2      0x32d ./Core/Src/main.o
 .debug_abbrev  0x000006cf      0x270 ./Core/Src/stm32h7xx_hal_msp.o
 .debug_abbrev  0x0000093f      0x1bf ./Core/Src/stm32h7xx_it.o
 .debug_abbrev  0x00000afe      0x165 ./Core/Src/system_stm32h7xx.o
 .debug_abbrev  0x00000c63       0x24 ./Core/Startup/startup_stm32h753zitx.o
 .debug_abbrev  0x00000c87      0x295 ./Drivers/STM32H7xx_HAL_Driver/Src/stm32h7xx_hal.o
 .debug_abbrev  0x00000f1c      0x339 ./Drivers/STM32H7xx_HAL_Driver/Src/stm32h7xx_hal_cortex.o
 .debug_abbrev  0x00001255      0x20c ./Drivers/STM32H7xx_HAL_Driver/Src/stm32h7xx_hal_dac.o
 .debug_abbrev  0x00001461      0x248 ./Drivers/STM32H7xx_HAL_Driver/Src/stm32h7xx_hal_dma.o
 .debug_abbrev  0x000016a9      0x288 ./Drivers/STM32H7xx_HAL_Driver/Src/stm32h7xx_hal_fdcan.o
 .debug_abbrev  0x00001931      0x205 ./Drivers/STM32H7xx_HAL_Driver/Src/stm32h7xx_hal_gpio.o
 .debug_abbrev  0x00001b36      0x25d ./Drivers/STM32H7xx_HAL_Driver/Src/stm32h7xx_hal_i2c.o
 .debug_abbrev  0x00001d93      0x1f5 ./Drivers/STM32H7xx_HAL_Driver/Src/stm32h7xx_hal_i2c_ex.o
 .debug_abbrev  0x00001f88      0x2a7 ./Drivers/STM32H7xx_HAL_Driver/Src/stm32h7xx_hal_pwr_ex.o
 .debug_abbrev  0x0000222f      0x2c8 ./Drivers/STM32H7xx_HAL_Driver/Src/stm32h7xx_hal_rcc.o
 .debug_abbrev  0x000024f7      0x269 ./Drivers/STM32H7xx_HAL_Driver/Src/stm32h7xx_hal_rcc_ex.o
 .debug_abbrev  0x00002760      0x276 ./Drivers/STM32H7xx_HAL_Driver/Src/stm32h7xx_hal_tim.o
 .debug_abbrev  0x000029d6      0x281 ./Drivers/STM32H7xx_HAL_Driver/Src/stm32h7xx_hal_tim_ex.o

.debug_aranges  0x00000000     0x14d8
 .debug_aranges
                0x00000000       0x40 ./Core/Src/canVFD.o
 .debug_aranges
                0x00000040       0x20 ./Core/Src/encoder.o
 .debug_aranges
                0x00000060       0x60 ./Core/Src/main.o
 .debug_aranges
                0x000000c0       0x60 ./Core/Src/stm32h7xx_hal_msp.o
 .debug_aranges
                0x00000120       0x80 ./Core/Src/stm32h7xx_it.o
 .debug_aranges
                0x000001a0       0x30 ./Core/Src/system_stm32h7xx.o
 .debug_aranges
                0x000001d0       0x28 ./Core/Startup/startup_stm32h753zitx.o
 .debug_aranges
                0x000001f8      0x198 ./Drivers/STM32H7xx_HAL_Driver/Src/stm32h7xx_hal.o
 .debug_aranges
                0x00000390      0x130 ./Drivers/STM32H7xx_HAL_Driver/Src/stm32h7xx_hal_cortex.o
 .debug_aranges
                0x000004c0       0xc0 ./Drivers/STM32H7xx_HAL_Driver/Src/stm32h7xx_hal_dac.o
 .debug_aranges
                0x00000580       0xa0 ./Drivers/STM32H7xx_HAL_Driver/Src/stm32h7xx_hal_dma.o
 .debug_aranges
                0x00000620      0x338 ./Drivers/STM32H7xx_HAL_Driver/Src/stm32h7xx_hal_fdcan.o
 .debug_aranges
                0x00000958       0x58 ./Drivers/STM32H7xx_HAL_Driver/Src/stm32h7xx_hal_gpio.o
 .debug_aranges
                0x000009b0      0x2a0 ./Drivers/STM32H7xx_HAL_Driver/Src/stm32h7xx_hal_i2c.o
 .debug_aranges
                0x00000c50       0x48 ./Drivers/STM32H7xx_HAL_Driver/Src/stm32h7xx_hal_i2c_ex.o
 .debug_aranges
                0x00000c98      0x158 ./Drivers/STM32H7xx_HAL_Driver/Src/stm32h7xx_hal_pwr_ex.o
 .debug_aranges
                0x00000df0       0x88 ./Drivers/STM32H7xx_HAL_Driver/Src/stm32h7xx_hal_rcc.o
 .debug_aranges
                0x00000e78       0xf8 ./Drivers/STM32H7xx_HAL_Driver/Src/stm32h7xx_hal_rcc_ex.o
 .debug_aranges
                0x00000f70      0x3e0 ./Drivers/STM32H7xx_HAL_Driver/Src/stm32h7xx_hal_tim.o
 .debug_aranges
                0x00001350      0x188 ./Drivers/STM32H7xx_HAL_Driver/Src/stm32h7xx_hal_tim_ex.o

.debug_rnglists
                0x00000000     0x1042
 .debug_rnglists
                0x00000000       0x2d ./Core/Src/canVFD.o
 .debug_rnglists
                0x0000002d       0x13 ./Core/Src/encoder.o
 .debug_rnglists
                0x00000040       0x48 ./Core/Src/main.o
 .debug_rnglists
                0x00000088       0x47 ./Core/Src/stm32h7xx_hal_msp.o
 .debug_rnglists
                0x000000cf       0x5b ./Core/Src/stm32h7xx_it.o
 .debug_rnglists
                0x0000012a       0x21 ./Core/Src/system_stm32h7xx.o
 .debug_rnglists
                0x0000014b       0x19 ./Core/Startup/startup_stm32h753zitx.o
 .debug_rnglists
                0x00000164      0x131 ./Drivers/STM32H7xx_HAL_Driver/Src/stm32h7xx_hal.o
 .debug_rnglists
                0x00000295       0xe0 ./Drivers/STM32H7xx_HAL_Driver/Src/stm32h7xx_hal_cortex.o
 .debug_rnglists
                0x00000375       0x90 ./Drivers/STM32H7xx_HAL_Driver/Src/stm32h7xx_hal_dac.o
 .debug_rnglists
                0x00000405       0x82 ./Drivers/STM32H7xx_HAL_Driver/Src/stm32h7xx_hal_dma.o
 .debug_rnglists
                0x00000487      0x28b ./Drivers/STM32H7xx_HAL_Driver/Src/stm32h7xx_hal_fdcan.o
 .debug_rnglists
                0x00000712       0x3f ./Drivers/STM32H7xx_HAL_Driver/Src/stm32h7xx_hal_gpio.o
 .debug_rnglists
                0x00000751      0x22a ./Drivers/STM32H7xx_HAL_Driver/Src/stm32h7xx_hal_i2c.o
 .debug_rnglists
                0x0000097b       0x35 ./Drivers/STM32H7xx_HAL_Driver/Src/stm32h7xx_hal_i2c_ex.o
 .debug_rnglists
                0x000009b0      0x103 ./Drivers/STM32H7xx_HAL_Driver/Src/stm32h7xx_hal_pwr_ex.o
 .debug_rnglists
                0x00000ab3       0x68 ./Drivers/STM32H7xx_HAL_Driver/Src/stm32h7xx_hal_rcc.o
 .debug_rnglists
                0x00000b1b       0xc0 ./Drivers/STM32H7xx_HAL_Driver/Src/stm32h7xx_hal_rcc_ex.o
 .debug_rnglists
                0x00000bdb      0x328 ./Drivers/STM32H7xx_HAL_Driver/Src/stm32h7xx_hal_tim.o
 .debug_rnglists
                0x00000f03      0x13f ./Drivers/STM32H7xx_HAL_Driver/Src/stm32h7xx_hal_tim_ex.o

.debug_macro    0x00000000    0x39163
 .debug_macro   0x00000000      0x304 ./Core/Src/canVFD.o
 .debug_macro   0x00000304      0xaf6 ./Core/Src/canVFD.o
 .debug_macro   0x00000dfa       0x22 ./Core/Src/canVFD.o
 .debug_macro   0x00000e1c       0x5b ./Core/Src/canVFD.o
 .debug_macro   0x00000e77       0x29 ./Core/Src/canVFD.o
 .debug_macro   0x00000ea0       0x94 ./Core/Src/canVFD.o
 .debug_macro   0x00000f34       0x43 ./Core/Src/canVFD.o
 .debug_macro   0x00000f77       0x34 ./Core/Src/canVFD.o
 .debug_macro   0x00000fab       0x16 ./Core/Src/canVFD.o
 .debug_macro   0x00000fc1       0x57 ./Core/Src/canVFD.o
 .debug_macro   0x00001018       0x9e ./Core/Src/canVFD.o
 .debug_macro   0x000010b6      0x370 ./Core/Src/canVFD.o
 .debug_macro   0x00001426      0x112 ./Core/Src/canVFD.o
 .debug_macro   0x00001538       0x10 ./Core/Src/canVFD.o
 .debug_macro   0x00001548       0x16 ./Core/Src/canVFD.o
 .debug_macro   0x0000155e       0x4a ./Core/Src/canVFD.o
 .debug_macro   0x000015a8       0x34 ./Core/Src/canVFD.o
 .debug_macro   0x000015dc       0x10 ./Core/Src/canVFD.o
 .debug_macro   0x000015ec       0x58 ./Core/Src/canVFD.o
 .debug_macro   0x00001644       0x8e ./Core/Src/canVFD.o
 .debug_macro   0x000016d2       0x1c ./Core/Src/canVFD.o
 .debug_macro   0x000016ee      0x185 ./Core/Src/canVFD.o
 .debug_macro   0x00001873       0x16 ./Core/Src/canVFD.o
 .debug_macro   0x00001889       0x16 ./Core/Src/canVFD.o
 .debug_macro   0x0000189f      0x146 ./Core/Src/canVFD.o
 .debug_macro   0x000019e5      0x103 ./Core/Src/canVFD.o
 .debug_macro   0x00001ae8       0x6a ./Core/Src/canVFD.o
 .debug_macro   0x00001b52      0x1df ./Core/Src/canVFD.o
 .debug_macro   0x00001d31      0x23e ./Core/Src/canVFD.o
 .debug_macro   0x00001f6f       0x2e ./Core/Src/canVFD.o
 .debug_macro   0x00001f9d       0x3b ./Core/Src/canVFD.o
 .debug_macro   0x00001fd8       0x1c ./Core/Src/canVFD.o
 .debug_macro   0x00001ff4       0x22 ./Core/Src/canVFD.o
 .debug_macro   0x00002016       0xfb ./Core/Src/canVFD.o
 .debug_macro   0x00002111     0x1305 ./Core/Src/canVFD.o
 .debug_macro   0x00003416      0x11f ./Core/Src/canVFD.o
 .debug_macro   0x00003535       0x27 ./Core/Src/canVFD.o
 .debug_macro   0x0000355c    0x261cc ./Core/Src/canVFD.o
 .debug_macro   0x00029728       0x6d ./Core/Src/canVFD.o
 .debug_macro   0x00029795     0x3d79 ./Core/Src/canVFD.o
 .debug_macro   0x0002d50e      0x19b ./Core/Src/canVFD.o
 .debug_macro   0x0002d6a9       0x5d ./Core/Src/canVFD.o
 .debug_macro   0x0002d706     0x240e ./Core/Src/canVFD.o
 .debug_macro   0x0002fb14     0x102c ./Core/Src/canVFD.o
 .debug_macro   0x00030b40      0x154 ./Core/Src/canVFD.o
 .debug_macro   0x00030c94      0x114 ./Core/Src/canVFD.o
 .debug_macro   0x00030da8      0x3b6 ./Core/Src/canVFD.o
 .debug_macro   0x0003115e       0xac ./Core/Src/canVFD.o
 .debug_macro   0x0003120a      0x72d ./Core/Src/canVFD.o
 .debug_macro   0x00031937      0x228 ./Core/Src/canVFD.o
 .debug_macro   0x00031b5f       0x66 ./Core/Src/canVFD.o
 .debug_macro   0x00031bc5      0x3bb ./Core/Src/canVFD.o
 .debug_macro   0x00031f80      0x3e4 ./Core/Src/canVFD.o
 .debug_macro   0x00032364      0x275 ./Core/Src/canVFD.o
 .debug_macro   0x000325d9      0xe42 ./Core/Src/canVFD.o
 .debug_macro   0x0003341b      0x184 ./Core/Src/canVFD.o
 .debug_macro   0x0003359f       0xd8 ./Core/Src/canVFD.o
 .debug_macro   0x00033677      0x3ca ./Core/Src/canVFD.o
 .debug_macro   0x00033a41      0x408 ./Core/Src/canVFD.o
 .debug_macro   0x00033e49       0x51 ./Core/Src/canVFD.o
 .debug_macro   0x00033e9a       0x4a ./Core/Src/canVFD.o
 .debug_macro   0x00033ee4      0x22c ./Core/Src/canVFD.o
 .debug_macro   0x00034110       0x67 ./Core/Src/canVFD.o
 .debug_macro   0x00034177       0xa5 ./Core/Src/canVFD.o
 .debug_macro   0x0003421c      0x1c4 ./Core/Src/canVFD.o
 .debug_macro   0x000343e0      0x25e ./Core/Src/canVFD.o
 .debug_macro   0x0003463e       0x35 ./Core/Src/canVFD.o
 .debug_macro   0x00034673      0xafa ./Core/Src/canVFD.o
 .debug_macro   0x0003516d      0x29f ./Core/Src/canVFD.o
 .debug_macro   0x0003540c      0x5ac ./Core/Src/canVFD.o
 .debug_macro   0x000359b8       0x10 ./Core/Src/canVFD.o
 .debug_macro   0x000359c8       0x16 ./Core/Src/canVFD.o
 .debug_macro   0x000359de      0x2f6 ./Core/Src/encoder.o
 .debug_macro   0x00035cd4      0x321 ./Core/Src/main.o
 .debug_macro   0x00035ff5       0x8e ./Core/Src/main.o
 .debug_macro   0x00036083       0x51 ./Core/Src/main.o
 .debug_macro   0x000360d4      0x190 ./Core/Src/main.o
 .debug_macro   0x00036264       0x61 ./Core/Src/main.o
 .debug_macro   0x000362c5       0x10 ./Core/Src/main.o
 .debug_macro   0x000362d5       0x1c ./Core/Src/main.o
 .debug_macro   0x000362f1       0x3c ./Core/Src/main.o
 .debug_macro   0x0003632d       0x1c ./Core/Src/main.o
 .debug_macro   0x00036349       0x16 ./Core/Src/main.o
 .debug_macro   0x0003635f       0x22 ./Core/Src/main.o
 .debug_macro   0x00036381      0x2c1 ./Core/Src/stm32h7xx_hal_msp.o
 .debug_macro   0x00036642      0x2cb ./Core/Src/stm32h7xx_it.o
 .debug_macro   0x0003690d      0x2b2 ./Core/Src/system_stm32h7xx.o
 .debug_macro   0x00036bbf      0x2dc ./Drivers/STM32H7xx_HAL_Driver/Src/stm32h7xx_hal.o
 .debug_macro   0x00036e9b      0x2b2 ./Drivers/STM32H7xx_HAL_Driver/Src/stm32h7xx_hal_cortex.o
 .debug_macro   0x0003714d      0x2ba ./Drivers/STM32H7xx_HAL_Driver/Src/stm32h7xx_hal_dac.o
 .debug_macro   0x00037407      0x306 ./Drivers/STM32H7xx_HAL_Driver/Src/stm32h7xx_hal_dma.o
 .debug_macro   0x0003770d      0x377 ./Drivers/STM32H7xx_HAL_Driver/Src/stm32h7xx_hal_fdcan.o
 .debug_macro   0x00037a84      0x2b9 ./Drivers/STM32H7xx_HAL_Driver/Src/stm32h7xx_hal_gpio.o
 .debug_macro   0x00037d3d      0x37e ./Drivers/STM32H7xx_HAL_Driver/Src/stm32h7xx_hal_i2c.o
 .debug_macro   0x000380bb      0x2b2 ./Drivers/STM32H7xx_HAL_Driver/Src/stm32h7xx_hal_i2c_ex.o
 .debug_macro   0x0003836d      0x2eb ./Drivers/STM32H7xx_HAL_Driver/Src/stm32h7xx_hal_pwr_ex.o
 .debug_macro   0x00038658      0x2d6 ./Drivers/STM32H7xx_HAL_Driver/Src/stm32h7xx_hal_rcc.o
 .debug_macro   0x0003892e      0x2d0 ./Drivers/STM32H7xx_HAL_Driver/Src/stm32h7xx_hal_rcc_ex.o
 .debug_macro   0x00038bfe      0x2b3 ./Drivers/STM32H7xx_HAL_Driver/Src/stm32h7xx_hal_tim.o
 .debug_macro   0x00038eb1      0x2b2 ./Drivers/STM32H7xx_HAL_Driver/Src/stm32h7xx_hal_tim_ex.o

.debug_line     0x00000000    0x1b286
 .debug_line    0x00000000      0xacc ./Core/Src/canVFD.o
 .debug_line    0x00000acc      0x90f ./Core/Src/encoder.o
 .debug_line    0x000013db      0xc12 ./Core/Src/main.o
 .debug_line    0x00001fed      0xa59 ./Core/Src/stm32h7xx_hal_msp.o
 .debug_line    0x00002a46      0xa00 ./Core/Src/stm32h7xx_it.o
 .debug_line    0x00003446      0xaf0 ./Core/Src/system_stm32h7xx.o
 .debug_line    0x00003f36       0x7b ./Core/Startup/startup_stm32h753zitx.o
 .debug_line    0x00003fb1      0xec9 ./Drivers/STM32H7xx_HAL_Driver/Src/stm32h7xx_hal.o
 .debug_line    0x00004e7a      0xeb3 ./Drivers/STM32H7xx_HAL_Driver/Src/stm32h7xx_hal_cortex.o
 .debug_line    0x00005d2d      0xded ./Drivers/STM32H7xx_HAL_Driver/Src/stm32h7xx_hal_dac.o
 .debug_line    0x00006b1a     0x284a ./Drivers/STM32H7xx_HAL_Driver/Src/stm32h7xx_hal_dma.o
 .debug_line    0x00009364     0x2954 ./Drivers/STM32H7xx_HAL_Driver/Src/stm32h7xx_hal_fdcan.o
 .debug_line    0x0000bcb8      0xd52 ./Drivers/STM32H7xx_HAL_Driver/Src/stm32h7xx_hal_gpio.o
 .debug_line    0x0000ca0a     0x3c40 ./Drivers/STM32H7xx_HAL_Driver/Src/stm32h7xx_hal_i2c.o
 .debug_line    0x0001064a      0xa57 ./Drivers/STM32H7xx_HAL_Driver/Src/stm32h7xx_hal_i2c_ex.o
 .debug_line    0x000110a1     0x104d ./Drivers/STM32H7xx_HAL_Driver/Src/stm32h7xx_hal_pwr_ex.o
 .debug_line    0x000120ee     0x1570 ./Drivers/STM32H7xx_HAL_Driver/Src/stm32h7xx_hal_rcc.o
 .debug_line    0x0001365e     0x1e7c ./Drivers/STM32H7xx_HAL_Driver/Src/stm32h7xx_hal_rcc_ex.o
 .debug_line    0x000154da     0x401d ./Drivers/STM32H7xx_HAL_Driver/Src/stm32h7xx_hal_tim.o
 .debug_line    0x000194f7     0x1d8f ./Drivers/STM32H7xx_HAL_Driver/Src/stm32h7xx_hal_tim_ex.o

.debug_str      0x00000000   0x16c255
 .debug_str     0x00000000   0x16c255 ./Core/Src/canVFD.o
                             0x1642cc (size before relaxing)
 .debug_str     0x0016c255   0x164080 ./Core/Src/encoder.o
 .debug_str     0x0016c255   0x165d7d ./Core/Src/main.o
 .debug_str     0x0016c255   0x16520e ./Core/Src/stm32h7xx_hal_msp.o
 .debug_str     0x0016c255   0x164321 ./Core/Src/stm32h7xx_it.o
 .debug_str     0x0016c255   0x163989 ./Core/Src/system_stm32h7xx.o
 .debug_str     0x0016c255       0x84 ./Core/Startup/startup_stm32h753zitx.o
 .debug_str     0x0016c255   0x16486f ./Drivers/STM32H7xx_HAL_Driver/Src/stm32h7xx_hal.o
 .debug_str     0x0016c255   0x1642aa ./Drivers/STM32H7xx_HAL_Driver/Src/stm32h7xx_hal_cortex.o
 .debug_str     0x0016c255   0x163bf4 ./Drivers/STM32H7xx_HAL_Driver/Src/stm32h7xx_hal_dac.o
 .debug_str     0x0016c255   0x164084 ./Drivers/STM32H7xx_HAL_Driver/Src/stm32h7xx_hal_dma.o
 .debug_str     0x0016c255   0x165638 ./Drivers/STM32H7xx_HAL_Driver/Src/stm32h7xx_hal_fdcan.o
 .debug_str     0x0016c255   0x163901 ./Drivers/STM32H7xx_HAL_Driver/Src/stm32h7xx_hal_gpio.o
 .debug_str     0x0016c255   0x1649a2 ./Drivers/STM32H7xx_HAL_Driver/Src/stm32h7xx_hal_i2c.o
 .debug_str     0x0016c255   0x163d46 ./Drivers/STM32H7xx_HAL_Driver/Src/stm32h7xx_hal_i2c_ex.o
 .debug_str     0x0016c255   0x163dc2 ./Drivers/STM32H7xx_HAL_Driver/Src/stm32h7xx_hal_pwr_ex.o
 .debug_str     0x0016c255   0x163ce5 ./Drivers/STM32H7xx_HAL_Driver/Src/stm32h7xx_hal_rcc.o
 .debug_str     0x0016c255   0x1641c6 ./Drivers/STM32H7xx_HAL_Driver/Src/stm32h7xx_hal_rcc_ex.o
 .debug_str     0x0016c255   0x164a84 ./Drivers/STM32H7xx_HAL_Driver/Src/stm32h7xx_hal_tim.o
 .debug_str     0x0016c255   0x1643ac ./Drivers/STM32H7xx_HAL_Driver/Src/stm32h7xx_hal_tim_ex.o

.comment        0x00000000       0x43
 .comment       0x00000000       0x43 ./Core/Src/canVFD.o
                                 0x44 (size before relaxing)
 .comment       0x00000043       0x44 ./Core/Src/encoder.o
 .comment       0x00000043       0x44 ./Core/Src/main.o
 .comment       0x00000043       0x44 ./Core/Src/stm32h7xx_hal_msp.o
 .comment       0x00000043       0x44 ./Core/Src/stm32h7xx_it.o
 .comment       0x00000043       0x44 ./Core/Src/system_stm32h7xx.o
 .comment       0x00000043       0x44 ./Drivers/STM32H7xx_HAL_Driver/Src/stm32h7xx_hal.o
 .comment       0x00000043       0x44 ./Drivers/STM32H7xx_HAL_Driver/Src/stm32h7xx_hal_cortex.o
 .comment       0x00000043       0x44 ./Drivers/STM32H7xx_HAL_Driver/Src/stm32h7xx_hal_dac.o
 .comment       0x00000043       0x44 ./Drivers/STM32H7xx_HAL_Driver/Src/stm32h7xx_hal_dma.o
 .comment       0x00000043       0x44 ./Drivers/STM32H7xx_HAL_Driver/Src/stm32h7xx_hal_fdcan.o
 .comment       0x00000043       0x44 ./Drivers/STM32H7xx_HAL_Driver/Src/stm32h7xx_hal_gpio.o
 .comment       0x00000043       0x44 ./Drivers/STM32H7xx_HAL_Driver/Src/stm32h7xx_hal_i2c.o
 .comment       0x00000043       0x44 ./Drivers/STM32H7xx_HAL_Driver/Src/stm32h7xx_hal_i2c_ex.o
 .comment       0x00000043       0x44 ./Drivers/STM32H7xx_HAL_Driver/Src/stm32h7xx_hal_pwr_ex.o
 .comment       0x00000043       0x44 ./Drivers/STM32H7xx_HAL_Driver/Src/stm32h7xx_hal_rcc.o
 .comment       0x00000043       0x44 ./Drivers/STM32H7xx_HAL_Driver/Src/stm32h7xx_hal_rcc_ex.o
 .comment       0x00000043       0x44 ./Drivers/STM32H7xx_HAL_Driver/Src/stm32h7xx_hal_tim.o
 .comment       0x00000043       0x44 ./Drivers/STM32H7xx_HAL_Driver/Src/stm32h7xx_hal_tim_ex.o

.debug_frame    0x00000000     0x5a28
 .debug_frame   0x00000000       0xd0 ./Core/Src/canVFD.o
 .debug_frame   0x000000d0       0x38 ./Core/Src/encoder.o
 .debug_frame   0x00000108      0x134 ./Core/Src/main.o
 .debug_frame   0x0000023c      0x160 ./Core/Src/stm32h7xx_hal_msp.o
 .debug_frame   0x0000039c      0x174 ./Core/Src/stm32h7xx_it.o
 .debug_frame   0x00000510       0x78 ./Core/Src/system_stm32h7xx.o
 .debug_frame   0x00000588      0x690 ./Drivers/STM32H7xx_HAL_Driver/Src/stm32h7xx_hal.o
 .debug_frame   0x00000c18      0x508 ./Drivers/STM32H7xx_HAL_Driver/Src/stm32h7xx_hal_cortex.o
 .debug_frame   0x00001120      0x338 ./Drivers/STM32H7xx_HAL_Driver/Src/stm32h7xx_hal_dac.o
 .debug_frame   0x00001458      0x2b4 ./Drivers/STM32H7xx_HAL_Driver/Src/stm32h7xx_hal_dma.o
 .debug_frame   0x0000170c      0xf9c ./Drivers/STM32H7xx_HAL_Driver/Src/stm32h7xx_hal_fdcan.o
 .debug_frame   0x000026a8      0x14c ./Drivers/STM32H7xx_HAL_Driver/Src/stm32h7xx_hal_gpio.o
 .debug_frame   0x000027f4      0xc40 ./Drivers/STM32H7xx_HAL_Driver/Src/stm32h7xx_hal_i2c.o
 .debug_frame   0x00003434      0x100 ./Drivers/STM32H7xx_HAL_Driver/Src/stm32h7xx_hal_i2c_ex.o
 .debug_frame   0x00003534      0x580 ./Drivers/STM32H7xx_HAL_Driver/Src/stm32h7xx_hal_pwr_ex.o
 .debug_frame   0x00003ab4      0x1f8 ./Drivers/STM32H7xx_HAL_Driver/Src/stm32h7xx_hal_rcc.o
 .debug_frame   0x00003cac      0x414 ./Drivers/STM32H7xx_HAL_Driver/Src/stm32h7xx_hal_rcc_ex.o
 .debug_frame   0x000040c0     0x121c ./Drivers/STM32H7xx_HAL_Driver/Src/stm32h7xx_hal_tim.o
 .debug_frame   0x000052dc      0x6d8 ./Drivers/STM32H7xx_HAL_Driver/Src/stm32h7xx_hal_tim_ex.o
 .debug_frame   0x000059b4       0x20 C:/ST/STM32CubeIDE_1.19.0/STM32CubeIDE/plugins/com.st.stm32cube.ide.mcu.externaltools.gnu-tools-for-stm32.13.3.rel1.win32_1.0.0.202411081344/tools/bin/../lib/gcc/arm-none-eabi/13.3.1/../../../../arm-none-eabi/lib/thumb/v7e-m+dp/hard\libc_nano.a(libc_a-memset.o)
 .debug_frame   0x000059d4       0x2c C:/ST/STM32CubeIDE_1.19.0/STM32CubeIDE/plugins/com.st.stm32cube.ide.mcu.externaltools.gnu-tools-for-stm32.13.3.rel1.win32_1.0.0.202411081344/tools/bin/../lib/gcc/arm-none-eabi/13.3.1/../../../../arm-none-eabi/lib/thumb/v7e-m+dp/hard\libc_nano.a(libc_a-init.o)
 .debug_frame   0x00005a00       0x28 C:/ST/STM32CubeIDE_1.19.0/STM32CubeIDE/plugins/com.st.stm32cube.ide.mcu.externaltools.gnu-tools-for-stm32.13.3.rel1.win32_1.0.0.202411081344/tools/bin/../lib/gcc/arm-none-eabi/13.3.1/../../../../arm-none-eabi/lib/thumb/v7e-m+dp/hard\libc_nano.a(libc_a-memcpy-stub.o)

.debug_line_str
                0x00000000       0x68
 .debug_line_str
                0x00000000       0x68 ./Core/Startup/startup_stm32h753zitx.o
