Archive member included to satisfy reference by file (symbol)

C:/ST/STM32CubeIDE_1.16.1/STM32CubeIDE/plugins/com.st.stm32cube.ide.mcu.externaltools.gnu-tools-for-stm32.13.3.rel1.win32_1.0.0.202411081344/tools/bin/../lib/gcc/arm-none-eabi/13.3.1/../../../../arm-none-eabi/lib/thumb/v7e-m+dp/hard\libc_nano.a(libc_a-exit.o)
                              C:/ST/STM32CubeIDE_1.16.1/STM32CubeIDE/plugins/com.st.stm32cube.ide.mcu.externaltools.gnu-tools-for-stm32.13.3.rel1.win32_1.0.0.202411081344/tools/bin/../lib/gcc/arm-none-eabi/13.3.1/../../../../arm-none-eabi/lib/thumb/v7e-m+dp/hard/crt0.o (exit)
C:/ST/STM32CubeIDE_1.16.1/STM32CubeIDE/plugins/com.st.stm32cube.ide.mcu.externaltools.gnu-tools-for-stm32.13.3.rel1.win32_1.0.0.202411081344/tools/bin/../lib/gcc/arm-none-eabi/13.3.1/../../../../arm-none-eabi/lib/thumb/v7e-m+dp/hard\libc_nano.a(libc_a-findfp.o)
                              C:/ST/STM32CubeIDE_1.16.1/STM32CubeIDE/plugins/com.st.stm32cube.ide.mcu.externaltools.gnu-tools-for-stm32.13.3.rel1.win32_1.0.0.202411081344/tools/bin/../lib/gcc/arm-none-eabi/13.3.1/../../../../arm-none-eabi/lib/thumb/v7e-m+dp/hard\libc_nano.a(libc_a-exit.o) (__stdio_exit_handler)
C:/ST/STM32CubeIDE_1.16.1/STM32CubeIDE/plugins/com.st.stm32cube.ide.mcu.externaltools.gnu-tools-for-stm32.13.3.rel1.win32_1.0.0.202411081344/tools/bin/../lib/gcc/arm-none-eabi/13.3.1/../../../../arm-none-eabi/lib/thumb/v7e-m+dp/hard\libc_nano.a(libc_a-fwalk.o)
                              C:/ST/STM32CubeIDE_1.16.1/STM32CubeIDE/plugins/com.st.stm32cube.ide.mcu.externaltools.gnu-tools-for-stm32.13.3.rel1.win32_1.0.0.202411081344/tools/bin/../lib/gcc/arm-none-eabi/13.3.1/../../../../arm-none-eabi/lib/thumb/v7e-m+dp/hard\libc_nano.a(libc_a-findfp.o) (_fwalk_sglue)
C:/ST/STM32CubeIDE_1.16.1/STM32CubeIDE/plugins/com.st.stm32cube.ide.mcu.externaltools.gnu-tools-for-stm32.13.3.rel1.win32_1.0.0.202411081344/tools/bin/../lib/gcc/arm-none-eabi/13.3.1/../../../../arm-none-eabi/lib/thumb/v7e-m+dp/hard\libc_nano.a(libc_a-stdio.o)
                              C:/ST/STM32CubeIDE_1.16.1/STM32CubeIDE/plugins/com.st.stm32cube.ide.mcu.externaltools.gnu-tools-for-stm32.13.3.rel1.win32_1.0.0.202411081344/tools/bin/../lib/gcc/arm-none-eabi/13.3.1/../../../../arm-none-eabi/lib/thumb/v7e-m+dp/hard\libc_nano.a(libc_a-findfp.o) (__sread)
C:/ST/STM32CubeIDE_1.16.1/STM32CubeIDE/plugins/com.st.stm32cube.ide.mcu.externaltools.gnu-tools-for-stm32.13.3.rel1.win32_1.0.0.202411081344/tools/bin/../lib/gcc/arm-none-eabi/13.3.1/../../../../arm-none-eabi/lib/thumb/v7e-m+dp/hard\libc_nano.a(libc_a-memset.o)
                              C:/ST/STM32CubeIDE_1.16.1/STM32CubeIDE/plugins/com.st.stm32cube.ide.mcu.externaltools.gnu-tools-for-stm32.13.3.rel1.win32_1.0.0.202411081344/tools/bin/../lib/gcc/arm-none-eabi/13.3.1/../../../../arm-none-eabi/lib/thumb/v7e-m+dp/hard/crt0.o (memset)
C:/ST/STM32CubeIDE_1.16.1/STM32CubeIDE/plugins/com.st.stm32cube.ide.mcu.externaltools.gnu-tools-for-stm32.13.3.rel1.win32_1.0.0.202411081344/tools/bin/../lib/gcc/arm-none-eabi/13.3.1/../../../../arm-none-eabi/lib/thumb/v7e-m+dp/hard\libc_nano.a(libc_a-closer.o)
                              C:/ST/STM32CubeIDE_1.16.1/STM32CubeIDE/plugins/com.st.stm32cube.ide.mcu.externaltools.gnu-tools-for-stm32.13.3.rel1.win32_1.0.0.202411081344/tools/bin/../lib/gcc/arm-none-eabi/13.3.1/../../../../arm-none-eabi/lib/thumb/v7e-m+dp/hard\libc_nano.a(libc_a-stdio.o) (_close_r)
C:/ST/STM32CubeIDE_1.16.1/STM32CubeIDE/plugins/com.st.stm32cube.ide.mcu.externaltools.gnu-tools-for-stm32.13.3.rel1.win32_1.0.0.202411081344/tools/bin/../lib/gcc/arm-none-eabi/13.3.1/../../../../arm-none-eabi/lib/thumb/v7e-m+dp/hard\libc_nano.a(libc_a-reent.o)
                              C:/ST/STM32CubeIDE_1.16.1/STM32CubeIDE/plugins/com.st.stm32cube.ide.mcu.externaltools.gnu-tools-for-stm32.13.3.rel1.win32_1.0.0.202411081344/tools/bin/../lib/gcc/arm-none-eabi/13.3.1/../../../../arm-none-eabi/lib/thumb/v7e-m+dp/hard\libc_nano.a(libc_a-closer.o) (errno)
C:/ST/STM32CubeIDE_1.16.1/STM32CubeIDE/plugins/com.st.stm32cube.ide.mcu.externaltools.gnu-tools-for-stm32.13.3.rel1.win32_1.0.0.202411081344/tools/bin/../lib/gcc/arm-none-eabi/13.3.1/../../../../arm-none-eabi/lib/thumb/v7e-m+dp/hard\libc_nano.a(libc_a-impure.o)
                              C:/ST/STM32CubeIDE_1.16.1/STM32CubeIDE/plugins/com.st.stm32cube.ide.mcu.externaltools.gnu-tools-for-stm32.13.3.rel1.win32_1.0.0.202411081344/tools/bin/../lib/gcc/arm-none-eabi/13.3.1/../../../../arm-none-eabi/lib/thumb/v7e-m+dp/hard\libc_nano.a(libc_a-reent.o) (_impure_ptr)
C:/ST/STM32CubeIDE_1.16.1/STM32CubeIDE/plugins/com.st.stm32cube.ide.mcu.externaltools.gnu-tools-for-stm32.13.3.rel1.win32_1.0.0.202411081344/tools/bin/../lib/gcc/arm-none-eabi/13.3.1/../../../../arm-none-eabi/lib/thumb/v7e-m+dp/hard\libc_nano.a(libc_a-lseekr.o)
[...]
Memory Configuration

Name             Origin             Length             Attributes
FLASH            0x08000000         0x00200000         xr
DTCMRAM          0x20000000         0x00020000         xrw
RAM_D1           0x24000000         0x00080000         xrw
RAM_D2           0x30000000         0x00048000         xrw
RAM_D3           0x38000000         0x00010000         xrw
ITCMRAM          0x00000000         0x00010000         xrw
*default*        0x00000000         0xffffffff

Linker script and memory map

LOAD C:/ST/STM32CubeIDE_1.16.1/STM32CubeIDE/plugins/com.st.stm32cube.ide.mcu.externaltools.gnu-tools-for-stm32.13.3.rel1.win32_1.0.0.202411081344/tools/bin/../lib/gcc/arm-none-eabi/13.3.1/thumb/v7e-m+dp/hard/crti.o
LOAD C:/ST/STM32CubeIDE_1.16.1/STM32CubeIDE/plugins/com.st.stm32cube.ide.mcu.externaltools.gnu-tools-for-stm32.13.3.rel1.win32_1.0.0.202411081344/tools/bin/../lib/gcc/arm-none-eabi/13.3.1/thumb/v7e-m+dp/hard/crtbegin.o
LOAD C:/ST/STM32CubeIDE_1.16.1/STM32CubeIDE/plugins/com.st.stm32cube.ide.mcu.externaltools.gnu-tools-for-stm32.13.3.rel1.win32_1.0.0.202411081344/tools/bin/../lib/gcc/arm-none-eabi/13.3.1/../../../../arm-none-eabi/lib/thumb/v7e-m+dp/hard/crt0.o
LOAD ./Core/Src/canVFD.o
LOAD ./Core/Src/encoder.o
LOAD ./Core/Src/main.o
LOAD ./Core/Src/stm32h7xx_hal_msp.o
LOAD ./Core/Src/stm32h7xx_it.o
LOAD ./Core/Src/syscalls.o
LOAD ./Core/Src/sysmem.o
LOAD ./Core/Src/system_stm32h7xx.o
LOAD ./Core/Src/throttleDriver.o
LOAD ./Core/Startup/startup_stm32h753zitx.o
LOAD ./Drivers/STM32H7xx_HAL_Driver/Src/stm32h7xx_hal.o
LOAD ./Drivers/STM32H7xx_HAL_Driver/Src/stm32h7xx_hal_cortex.o
LOAD ./Drivers/STM32H7xx_HAL_Driver/Src/stm32h7xx_hal_dac.o
LOAD ./Drivers/STM32H7xx_HAL_Driver/Src/stm32h7xx_hal_dac_ex.o
LOAD ./Drivers/STM32H7xx_HAL_Driver/Src/stm32h7xx_hal_dma.o
LOAD ./Drivers/STM32H7xx_HAL_Driver/Src/stm32h7xx_hal_dma_ex.o
LOAD ./Drivers/STM32H7xx_HAL_Driver/Src/stm32h7xx_hal_exti.o
LOAD ./Drivers/STM32H7xx_HAL_Driver/Src/stm32h7xx_hal_fdcan.o
LOAD ./Drivers/STM32H7xx_HAL_Driver/Src/stm32h7xx_hal_flash.o
LOAD ./Drivers/STM32H7xx_HAL_Driver/Src/stm32h7xx_hal_flash_ex.o
LOAD ./Drivers/STM32H7xx_HAL_Driver/Src/stm32h7xx_hal_gpio.o
LOAD ./Drivers/STM32H7xx_HAL_Driver/Src/stm32h7xx_hal_hsem.o
LOAD ./Drivers/STM32H7xx_HAL_Driver/Src/stm32h7xx_hal_i2c.o
LOAD ./Drivers/STM32H7xx_HAL_Driver/Src/stm32h7xx_hal_i2c_ex.o
LOAD ./Drivers/STM32H7xx_HAL_Driver/Src/stm32h7xx_hal_mdma.o
LOAD ./Drivers/STM32H7xx_HAL_Driver/Src/stm32h7xx_hal_pwr.o
LOAD ./Drivers/STM32H7xx_HAL_Driver/Src/stm32h7xx_hal_pwr_ex.o
LOAD ./Drivers/STM32H7xx_HAL_Driver/Src/stm32h7xx_hal_rcc.o
LOAD ./Drivers/STM32H7xx_HAL_Driver/Src/stm32h7xx_hal_rcc_ex.o
LOAD ./Drivers/STM32H7xx_HAL_Driver/Src/stm32h7xx_hal_tim.o
LOAD ./Drivers/STM32H7xx_HAL_Driver/Src/stm32h7xx_hal_tim_ex.o
START GROUP
LOAD C:/ST/STM32CubeIDE_1.16.1/STM32CubeIDE/plugins/com.st.stm32cube.ide.mcu.externaltools.gnu-tools-for-stm32.13.3.rel1.win32_1.0.0.202411081344/tools/bin/../lib/gcc/arm-none-eabi/13.3.1/../../../../arm-none-eabi/lib/thumb/v7e-m+dp/hard\libc_nano.a
LOAD C:/ST/STM32CubeIDE_1.16.1/STM32CubeIDE/plugins/com.st.stm32cube.ide.mcu.externaltools.gnu-tools-for-stm32.13.3.rel1.win32_1.0.0.202411081344/tools/bin/../lib/gcc/arm-none-eabi/13.3.1/../../../../arm-none-eabi/lib/thumb/v7e-m+dp/hard\libm.a
END GROUP
START GROUP
LOAD C:/ST/STM32CubeIDE_1.16.1/STM32CubeIDE/plugins/com.st.stm32cube.ide.mcu.externaltools.gnu-tools-for-stm32.13.3.rel1.win32_1.0.0.202411081344/tools/bin/../lib/gcc/arm-none-eabi/13.3.1/thumb/v7e-m+dp/hard\libgcc.a
LOAD C:/ST/STM32CubeIDE_1.16.1/STM32CubeIDE/plugins/com.st.stm32cube.ide.mcu.externaltools.gnu-tools-for-stm32.13.3.rel1.win32_1.0.0.202411081344/tools/bin/../lib/gcc/arm-none-eabi/13.3.1/../../../../arm-none-eabi/lib/thumb/v7e-m+dp/hard\libc_nano.a
END GROUP
START GROUP
LOAD C:/ST/STM32CubeIDE_1.16.1/STM32CubeIDE/plugins/com.st.stm32cube.ide.mcu.externaltools.gnu-tools-for-stm32.13.3.rel1.win32_1.0.0.202411081344/tools/bin/../lib/gcc/arm-none-eabi/13.3.1/thumb/v7e-m+dp/hard\libgcc.a
LOAD C:/ST/STM32CubeIDE_1.16.1/STM32CubeIDE/plugins/com.st.stm32cube.ide.mcu.externaltools.gnu-tools-for-stm32.13.3.rel1.win32_1.0.0.202411081344/tools/bin/../lib/gcc/arm-none-eabi/13.3.1/../../../../arm-none-eabi/lib/thumb/v7e-m+dp/hard\libc_nano.a
LOAD C:/ST/STM32CubeIDE_1.16.1/STM32CubeIDE/plugins/com.st.stm32cube.ide.mcu.externaltools.gnu-tools-for-stm32.13.3.rel1.win32_1.0.0.202411081344/tools/bin/../lib/gcc/arm-none-eabi/13.3.1/../../../../arm-none-eabi/lib/thumb/v7e-m+dp/hard\libnosys.a
END GROUP
START GROUP
LOAD C:/ST/STM32CubeIDE_1.16.1/STM32CubeIDE/plugins/com.st.stm32cube.ide.mcu.externaltools.gnu-tools-for-stm32.13.3.rel1.win32_1.0.0.202411081344/tools/bin/../lib/gcc/arm-none-eabi/13.3.1/thumb/v7e-m+dp/hard\libgcc.a
LOAD C:/ST/STM32CubeIDE_1.16.1/STM32CubeIDE/plugins/com.st.stm32cube.ide.mcu.externaltools.gnu-tools-for-stm32.13.3.rel1.win32_1.0.0.202411081344/tools/bin/../lib/gcc/arm-none-eabi/13.3.1/../../../../arm-none-eabi/lib/thumb/v7e-m+dp/hard\libc_nano.a
LOAD C:/ST/STM32CubeIDE_1.16.1/STM32CubeIDE/plugins/com.st.stm32cube.ide.mcu.externaltools.gnu-tools-for-stm32.13.3.rel1.win32_1.0.0.202411081344/tools/bin/../lib/gcc/arm-none-eabi/13.3.1/../../../../arm-none-eabi/lib/thumb/v7e-m+dp/hard\libnosys.a
END GROUP
LOAD C:/ST/STM32CubeIDE_1.16.1/STM32CubeIDE/plugins/com.st.stm32cube.ide.mcu.externaltools.gnu-tools-for-stm32.13.3.rel1.win32_1.0.0.202411081344/tools/bin/../lib/gcc/arm-none-eabi/13.3.1/thumb/v7e-m+dp/hard/crtend.o
LOAD C:/ST/STM32CubeIDE_1.16.1/STM32CubeIDE/plugins/com.st.stm32cube.ide.mcu.externaltools.gnu-tools-for-stm32.13.3.rel1.win32_1.0.0.202411081344/tools/bin/../lib/gcc/arm-none-eabi/13.3.1/thumb/v7e-m+dp/hard/crtn.o
                0x24080000                        _estack = (ORIGIN (RAM_D1) + LENGTH (RAM_D1))
                0x00000200                        _Min_Heap_Size = 0x200
                0x00000400                        _Min_Stack_Size = 0x400

.isr_vector     0x08000000      0x298
                0x08000000                        . = ALIGN (0x4)
 *(.isr_vector)
 .isr_vector    0x08000000      0x298 ./Core/Startup/startup_stm32h753zitx.o
                0x08000000                g_pfnVectors
                0x08000298                        . = ALIGN (0x4)

.text           0x08000298     0x56bc
                0x08000298                        . = ALIGN (0x4)
 *(.text)
 .text          0x08000298       0x40 C:/ST/STM32CubeIDE_1.16.1/STM32CubeIDE/plugins/com.st.stm32cube.ide.mcu.externaltools.gnu-tools-for-stm32.13.3.rel1.win32_1.0.0.202411081344/tools/bin/../lib/gcc/arm-none-eabi/13.3.1/thumb/v7e-m+dp/hard/crtbegin.o
 *(.text*)
 .text.HAL_FDCAN_RxFifo0Callback
                0x080002d8       0xd4 ./Core/Src/canVFD.o
                0x080002d8                HAL_FDCAN_RxFifo0Callback
 .text.HAL_TIM_IC_CaptureCallback
                0x080003ac       0x3c ./Core/Src/encoder.o
                0x080003ac                HAL_TIM_IC_CaptureCallback
 .text.main     0x080003e8       0xa0 ./Core/Src/main.o
                0x080003e8                main
 .text.SystemClock_Config
                0x08000488       0xf8 ./Core/Src/main.o
                0x08000488                SystemClock_Config
 .text.MX_DAC1_Init
                0x08000580       0x6c ./Core/Src/main.o
 .text.MX_FDCAN1_Init
                0x080005ec       0xc8 ./Core/Src/main.o
 .text.MX_TIM2_Init
                0x080006b4       0xa8 ./Core/Src/main.o
 .text.MX_GPIO_Init
                0x0800075c       0xa8 ./Core/Src/main.o
 .text.MPU_Config
                0x08000804       0x58 ./Core/Src/main.o
 .text.Error_Handler
                0x0800085c        0xc ./Core/Src/main.o
                0x0800085c                Error_Handler
 .text.HAL_MspInit
                0x08000868       0x34 ./Core/Src/stm32h7xx_hal_msp.o
                0x08000868                HAL_MspInit
 .text.HAL_DAC_MspInit
                0x0800089c       0x8c ./Core/Src/stm32h7xx_hal_msp.o
                0x0800089c                HAL_DAC_MspInit
 .text.HAL_FDCAN_MspInit
                0x08000928       0xe4 ./Core/Src/stm32h7xx_hal_msp.o
                0x08000928                HAL_FDCAN_MspInit
 .text.HAL_TIM_Encoder_MspInit
                0x08000a0c       0xa0 ./Core/Src/stm32h7xx_hal_msp.o
                0x08000a0c                HAL_TIM_Encoder_MspInit
 .text.NMI_Handler
                0x08000aac        0x8 ./Core/Src/stm32h7xx_it.o
                0x08000aac                NMI_Handler
 .text.HardFault_Handler
                0x08000ab4        0x8 ./Core/Src/stm32h7xx_it.o
                0x08000ab4                HardFault_Handler
 .text.MemManage_Handler
                0x08000abc        0x8 ./Core/Src/stm32h7xx_it.o
                0x08000abc                MemManage_Handler
 .text.BusFault_Handler
                0x08000ac4        0x8 ./Core/Src/stm32h7xx_it.o
                0x08000ac4                BusFault_Handler
 .text.UsageFault_Handler
                0x08000acc        0x8 ./Core/Src/stm32h7xx_it.o
                0x08000acc                UsageFault_Handler
 .text.SVC_Handler
                0x08000ad4        0xe ./Core/Src/stm32h7xx_it.o
                0x08000ad4                SVC_Handler
 .text.DebugMon_Handler
                0x08000ae2        0xe ./Core/Src/stm32h7xx_it.o
                0x08000ae2                DebugMon_Handler
 .text.PendSV_Handler
                0x08000af0        0xe ./Core/Src/stm32h7xx_it.o
                0x08000af0                PendSV_Handler
 .text.SysTick_Handler
                0x08000afe        0xc ./Core/Src/stm32h7xx_it.o
                0x08000afe                SysTick_Handler
 *fill*         0x08000b0a        0x2 
 .text.FDCAN1_IT0_IRQHandler
                0x08000b0c       0x14 ./Core/Src/stm32h7xx_it.o
                0x08000b0c                FDCAN1_IT0_IRQHandler
 .text.TIM2_IRQHandler
                0x08000b20       0x14 ./Core/Src/stm32h7xx_it.o
                0x08000b20                TIM2_IRQHandler
 .text.SystemInit
                0x08000b34      0x140 ./Core/Src/system_stm32h7xx.o
                0x08000b34                SystemInit
 .text.ExitRun0Mode
                0x08000c74       0x30 ./Core/Src/system_stm32h7xx.o
                0x08000c74                ExitRun0Mode
 .text.Reset_Handler
                0x08000ca4       0x54 ./Core/Startup/startup_stm32h753zitx.o
                0x08000ca4                Reset_Handler
 .text.Default_Handler
                0x08000cf8        0x2 ./Core/Startup/startup_stm32h753zitx.o
                0x08000cf8                RTC_Alarm_IRQHandler
                0x08000cf8                HASH_RNG_IRQHandler
                0x08000cf8                EXTI2_IRQHandler
                0x08000cf8                TIM8_CC_IRQHandler
                0x08000cf8                HRTIM1_Master_IRQHandler
                0x08000cf8                UART8_IRQHandler
                0x08000cf8                SPI4_IRQHandler
                0x08000cf8                TIM1_CC_IRQHandler
                0x08000cf8                BDMA_Channel6_IRQHandler
                0x08000cf8                DMA2_Stream5_IRQHandler
                0x08000cf8                HRTIM1_FLT_IRQHandler
                0x08000cf8                JPEG_IRQHandler
                0x08000cf8                DMA1_Stream5_IRQHandler
                0x08000cf8                BDMA_Channel1_IRQHandler
                0x08000cf8                HRTIM1_TIMD_IRQHandler
                0x08000cf8                TAMP_STAMP_IRQHandler
                0x08000cf8                EXTI3_IRQHandler
                0x08000cf8                LPTIM4_IRQHandler
                0x08000cf8                TIM8_TRG_COM_TIM14_IRQHandler
                0x08000cf8                LPTIM2_IRQHandler
                0x08000cf8                DFSDM1_FLT1_IRQHandler
                0x08000cf8                DMAMUX2_OVR_IRQHandler
                0x08000cf8                TIM8_UP_TIM13_IRQHandler
                0x08000cf8                I2C3_ER_IRQHandler
                0x08000cf8                DFSDM1_FLT2_IRQHandler
                0x08000cf8                MDMA_IRQHandler
                0x08000cf8                LPTIM3_IRQHandler
                0x08000cf8                HSEM1_IRQHandler
                0x08000cf8                EXTI0_IRQHandler
                0x08000cf8                I2C2_EV_IRQHandler
                0x08000cf8                DMA1_Stream2_IRQHandler
                0x08000cf8                FPU_IRQHandler
                0x08000cf8                OTG_HS_WKUP_IRQHandler
                0x08000cf8                FDCAN1_IT1_IRQHandler
                0x08000cf8                LTDC_ER_IRQHandler
                0x08000cf8                DMA2_Stream2_IRQHandler
                0x08000cf8                HRTIM1_TIME_IRQHandler
                0x08000cf8                SPI1_IRQHandler
                0x08000cf8                TIM6_DAC_IRQHandler
                0x08000cf8                DCMI_IRQHandler
                0x08000cf8                HRTIM1_TIMC_IRQHandler
                0x08000cf8                DMA2_Stream3_IRQHandler
                0x08000cf8                SAI2_IRQHandler
                0x08000cf8                DFSDM1_FLT3_IRQHandler
                0x08000cf8                USART6_IRQHandler
                0x08000cf8                TIM17_IRQHandler
                0x08000cf8                USART3_IRQHandler
                0x08000cf8                BDMA_Channel7_IRQHandler
                0x08000cf8                CRYP_IRQHandler
                0x08000cf8                LPTIM5_IRQHandler
                0x08000cf8                UART5_IRQHandler
                0x08000cf8                ADC3_IRQHandler
                0x08000cf8                DMA2_Stream0_IRQHandler
                0x08000cf8                TIM4_IRQHandler
                0x08000cf8                BDMA_Channel2_IRQHandler
                0x08000cf8                QUADSPI_IRQHandler
                0x08000cf8                I2C1_EV_IRQHandler
                0x08000cf8                DMA1_Stream6_IRQHandler
                0x08000cf8                DMAMUX1_OVR_IRQHandler
                0x08000cf8                DMA1_Stream1_IRQHandler
                0x08000cf8                TIM16_IRQHandler
                0x08000cf8                UART4_IRQHandler
                0x08000cf8                BDMA_Channel5_IRQHandler
                0x08000cf8                TIM3_IRQHandler
                0x08000cf8                RCC_IRQHandler
                0x08000cf8                TIM8_BRK_TIM12_IRQHandler
                0x08000cf8                TIM1_TRG_COM_IRQHandler
                0x08000cf8                Default_Handler
                0x08000cf8                ECC_IRQHandler
                0x08000cf8                CEC_IRQHandler
                0x08000cf8                EXTI15_10_IRQHandler
                0x08000cf8                BDMA_Channel0_IRQHandler
                0x08000cf8                ADC_IRQHandler
                0x08000cf8                DMA1_Stream7_IRQHandler
                0x08000cf8                HRTIM1_TIMA_IRQHandler
                0x08000cf8                SPI5_IRQHandler
                0x08000cf8                TIM7_IRQHandler
                0x08000cf8                SDMMC1_IRQHandler
                0x08000cf8                TIM5_IRQHandler
                0x08000cf8                DMA2_Stream7_IRQHandler
                0x08000cf8                TIM15_IRQHandler
                0x08000cf8                PVD_AVD_IRQHandler
                0x08000cf8                I2C3_EV_IRQHandler
                0x08000cf8                EXTI9_5_IRQHandler
                0x08000cf8                RTC_WKUP_IRQHandler
                0x08000cf8                LTDC_IRQHandler
                0x08000cf8                SAI3_IRQHandler
                0x08000cf8                ETH_WKUP_IRQHandler
                0x08000cf8                SPDIF_RX_IRQHandler
                0x08000cf8                SPI2_IRQHandler
                0x08000cf8                OTG_HS_EP1_IN_IRQHandler
                0x08000cf8                DMA1_Stream0_IRQHandler
                0x08000cf8                CRS_IRQHandler
                0x08000cf8                EXTI4_IRQHandler
                0x08000cf8                HRTIM1_TIMB_IRQHandler
                0x08000cf8                FDCAN2_IT1_IRQHandler
                0x08000cf8                ETH_IRQHandler
                0x08000cf8                TIM1_UP_IRQHandler
                0x08000cf8                BDMA_Channel4_IRQHandler
                0x08000cf8                OTG_HS_EP1_OUT_IRQHandler
                0x08000cf8                WWDG_IRQHandler
                0x08000cf8                SPI6_IRQHandler
                0x08000cf8                MDIOS_IRQHandler
                0x08000cf8                I2C4_EV_IRQHandler
                0x08000cf8                FDCAN2_IT0_IRQHandler
                0x08000cf8                LPUART1_IRQHandler
                0x08000cf8                OTG_FS_WKUP_IRQHandler
                0x08000cf8                OTG_HS_IRQHandler
                0x08000cf8                DMA2D_IRQHandler
                0x08000cf8                TIM1_BRK_IRQHandler
                0x08000cf8                EXTI1_IRQHandler
                0x08000cf8                SDMMC2_IRQHandler
                0x08000cf8                OTG_FS_EP1_OUT_IRQHandler
                0x08000cf8                BDMA_Channel3_IRQHandler
                0x08000cf8                UART7_IRQHandler
                0x08000cf8                MDIOS_WKUP_IRQHandler
                0x08000cf8                USART2_IRQHandler
                0x08000cf8                DFSDM1_FLT0_IRQHandler
                0x08000cf8                SAI4_IRQHandler
                0x08000cf8                I2C2_ER_IRQHandler
                0x08000cf8                DMA2_Stream1_IRQHandler
                0x08000cf8                FLASH_IRQHandler
                0x08000cf8                DMA2_Stream4_IRQHandler
                0x08000cf8                USART1_IRQHandler
                0x08000cf8                OTG_FS_IRQHandler
                0x08000cf8                SPI3_IRQHandler
                0x08000cf8                WAKEUP_PIN_IRQHandler
                0x08000cf8                DMA1_Stream4_IRQHandler
                0x08000cf8                OTG_FS_EP1_IN_IRQHandler
                0x08000cf8                I2C1_ER_IRQHandler
                0x08000cf8                FMC_IRQHandler
                0x08000cf8                FDCAN_CAL_IRQHandler
                0x08000cf8                SWPMI1_IRQHandler
                0x08000cf8                COMP1_IRQHandler
                0x08000cf8                LPTIM1_IRQHandler
                0x08000cf8                I2C4_ER_IRQHandler
                0x08000cf8                DMA2_Stream6_IRQHandler
                0x08000cf8                SAI1_IRQHandler
                0x08000cf8                DMA1_Stream3_IRQHandler
 *fill*         0x08000cfa        0x2 
 .text.HAL_Init
                0x08000cfc       0x78 ./Drivers/STM32H7xx_HAL_Driver/Src/stm32h7xx_hal.o
                0x08000cfc                HAL_Init
 .text.HAL_InitTick
                0x08000d74       0x6c ./Drivers/STM32H7xx_HAL_Driver/Src/stm32h7xx_hal.o
                0x08000d74                HAL_InitTick
 .text.HAL_IncTick
                0x08000de0       0x28 ./Drivers/STM32H7xx_HAL_Driver/Src/stm32h7xx_hal.o
                0x08000de0                HAL_IncTick
 .text.HAL_GetTick
                0x08000e08       0x18 ./Drivers/STM32H7xx_HAL_Driver/Src/stm32h7xx_hal.o
                0x08000e08                HAL_GetTick
 .text.HAL_GetREVID
                0x08000e20       0x18 ./Drivers/STM32H7xx_HAL_Driver/Src/stm32h7xx_hal.o
                0x08000e20                HAL_GetREVID
 .text.__NVIC_SetPriorityGrouping
                0x08000e38       0x48 ./Drivers/STM32H7xx_HAL_Driver/Src/stm32h7xx_hal_cortex.o
 .text.__NVIC_GetPriorityGrouping
                0x08000e80       0x1c ./Drivers/STM32H7xx_HAL_Driver/Src/stm32h7xx_hal_cortex.o
 .text.__NVIC_EnableIRQ
                0x08000e9c       0x3c ./Drivers/STM32H7xx_HAL_Driver/Src/stm32h7xx_hal_cortex.o
 .text.__NVIC_SetPriority
                0x08000ed8       0x54 ./Drivers/STM32H7xx_HAL_Driver/Src/stm32h7xx_hal_cortex.o
 .text.NVIC_EncodePriority
                0x08000f2c       0x66 ./Drivers/STM32H7xx_HAL_Driver/Src/stm32h7xx_hal_cortex.o
 *fill*         0x08000f92        0x2 
 .text.SysTick_Config
                0x08000f94       0x44 ./Drivers/STM32H7xx_HAL_Driver/Src/stm32h7xx_hal_cortex.o
 .text.HAL_NVIC_SetPriorityGrouping
                0x08000fd8       0x16 ./Drivers/STM32H7xx_HAL_Driver/Src/stm32h7xx_hal_cortex.o
                0x08000fd8                HAL_NVIC_SetPriorityGrouping
 .text.HAL_NVIC_SetPriority
                0x08000fee       0x34 ./Drivers/STM32H7xx_HAL_Driver/Src/stm32h7xx_hal_cortex.o
                0x08000fee                HAL_NVIC_SetPriority
 .text.HAL_NVIC_EnableIRQ
                0x08001022       0x1c ./Drivers/STM32H7xx_HAL_Driver/Src/stm32h7xx_hal_cortex.o
                0x08001022                HAL_NVIC_EnableIRQ
 .text.HAL_SYSTICK_Config
                0x0800103e       0x18 ./Drivers/STM32H7xx_HAL_Driver/Src/stm32h7xx_hal_cortex.o
                0x0800103e                HAL_SYSTICK_Config
 *fill*         0x08001056        0x2 
 .text.HAL_MPU_Disable
                0x08001058       0x30 ./Drivers/STM32H7xx_HAL_Driver/Src/stm32h7xx_hal_cortex.o
                0x08001058                HAL_MPU_Disable
 .text.HAL_MPU_Enable
                0x08001088       0x40 ./Drivers/STM32H7xx_HAL_Driver/Src/stm32h7xx_hal_cortex.o
                0x08001088                HAL_MPU_Enable
 .text.HAL_MPU_ConfigRegion
                0x080010c8       0x80 ./Drivers/STM32H7xx_HAL_Driver/Src/stm32h7xx_hal_cortex.o
                0x080010c8                HAL_MPU_ConfigRegion
 .text.HAL_DAC_Init
                0x08001148       0x44 ./Drivers/STM32H7xx_HAL_Driver/Src/stm32h7xx_hal_dac.o
                0x08001148                HAL_DAC_Init
 .text.HAL_DAC_Start
                0x0800118c       0xae ./Drivers/STM32H7xx_HAL_Driver/Src/stm32h7xx_hal_dac.o
                0x0800118c                HAL_DAC_Start
 *fill*         0x0800123a        0x2 
 .text.HAL_DAC_ConfigChannel
                0x0800123c      0x28c ./Drivers/STM32H7xx_HAL_Driver/Src/stm32h7xx_hal_dac.o
                0x0800123c                HAL_DAC_ConfigChannel
 .text.HAL_FDCAN_Init
                0x080014c8      0x3bc ./Drivers/STM32H7xx_HAL_Driver/Src/stm32h7xx_hal_fdcan.o
                0x080014c8                HAL_FDCAN_Init
 .text.HAL_FDCAN_ConfigFilter
                0x08001884       0xec ./Drivers/STM32H7xx_HAL_Driver/Src/stm32h7xx_hal_fdcan.o
                0x08001884                HAL_FDCAN_ConfigFilter
 .text.HAL_FDCAN_Start
                0x08001970       0x56 ./Drivers/STM32H7xx_HAL_Driver/Src/stm32h7xx_hal_fdcan.o
                0x08001970                HAL_FDCAN_Start
 *fill*         0x080019c6        0x2 
 .text.HAL_FDCAN_GetRxMessage
                0x080019c8      0x2d8 ./Drivers/STM32H7xx_HAL_Driver/Src/stm32h7xx_hal_fdcan.o
                0x080019c8                HAL_FDCAN_GetRxMessage
 .text.HAL_FDCAN_GetRxFifoFillLevel
                0x08001ca0       0x3c ./Drivers/STM32H7xx_HAL_Driver/Src/stm32h7xx_hal_fdcan.o
                0x08001ca0                HAL_FDCAN_GetRxFifoFillLevel
 .text.HAL_FDCAN_ActivateNotification
                0x08001cdc       0xf4 ./Drivers/STM32H7xx_HAL_Driver/Src/stm32h7xx_hal_fdcan.o
                0x08001cdc                HAL_FDCAN_ActivateNotification
 .text.HAL_FDCAN_IRQHandler
                0x08001dd0      0x4bc ./Drivers/STM32H7xx_HAL_Driver/Src/stm32h7xx_hal_fdcan.o
                0x08001dd0                HAL_FDCAN_IRQHandler
 .text.HAL_FDCAN_ClockCalibrationCallback
                0x0800228c       0x16 ./Drivers/STM32H7xx_HAL_Driver/Src/stm32h7xx_hal_fdcan.o
                0x0800228c                HAL_FDCAN_ClockCalibrationCallback
 .text.HAL_FDCAN_TxEventFifoCallback
                0x080022a2       0x16 ./Drivers/STM32H7xx_HAL_Driver/Src/stm32h7xx_hal_fdcan.o
                0x080022a2                HAL_FDCAN_TxEventFifoCallback
 .text.HAL_FDCAN_RxFifo1Callback
                0x080022b8       0x16 ./Drivers/STM32H7xx_HAL_Driver/Src/stm32h7xx_hal_fdcan.o
                0x080022b8                HAL_FDCAN_RxFifo1Callback
 .text.HAL_FDCAN_TxFifoEmptyCallback
                0x080022ce       0x14 ./Drivers/STM32H7xx_HAL_Driver/Src/stm32h7xx_hal_fdcan.o
                0x080022ce                HAL_FDCAN_TxFifoEmptyCallback
 .text.HAL_FDCAN_TxBufferCompleteCallback
                0x080022e2       0x16 ./Drivers/STM32H7xx_HAL_Driver/Src/stm32h7xx_hal_fdcan.o
                0x080022e2                HAL_FDCAN_TxBufferCompleteCallback
 .text.HAL_FDCAN_TxBufferAbortCallback
                0x080022f8       0x16 ./Drivers/STM32H7xx_HAL_Driver/Src/stm32h7xx_hal_fdcan.o
                0x080022f8                HAL_FDCAN_TxBufferAbortCallback
 .text.HAL_FDCAN_RxBufferNewMessageCallback
                0x0800230e       0x14 ./Drivers/STM32H7xx_HAL_Driver/Src/stm32h7xx_hal_fdcan.o
                0x0800230e                HAL_FDCAN_RxBufferNewMessageCallback
 .text.HAL_FDCAN_TimestampWraparoundCallback
                0x08002322       0x14 ./Drivers/STM32H7xx_HAL_Driver/Src/stm32h7xx_hal_fdcan.o
                0x08002322                HAL_FDCAN_TimestampWraparoundCallback
 .text.HAL_FDCAN_TimeoutOccurredCallback
                0x08002336       0x14 ./Drivers/STM32H7xx_HAL_Driver/Src/stm32h7xx_hal_fdcan.o
                0x08002336                HAL_FDCAN_TimeoutOccurredCallback
 .text.HAL_FDCAN_HighPriorityMessageCallback
                0x0800234a       0x14 ./Drivers/STM32H7xx_HAL_Driver/Src/stm32h7xx_hal_fdcan.o
                0x0800234a                HAL_FDCAN_HighPriorityMessageCallback
 .text.HAL_FDCAN_ErrorCallback
                0x0800235e       0x14 ./Drivers/STM32H7xx_HAL_Driver/Src/stm32h7xx_hal_fdcan.o
                0x0800235e                HAL_FDCAN_ErrorCallback
 .text.HAL_FDCAN_ErrorStatusCallback
                0x08002372       0x16 ./Drivers/STM32H7xx_HAL_Driver/Src/stm32h7xx_hal_fdcan.o
                0x08002372                HAL_FDCAN_ErrorStatusCallback
 .text.HAL_FDCAN_TT_ScheduleSyncCallback
                0x08002388       0x16 ./Drivers/STM32H7xx_HAL_Driver/Src/stm32h7xx_hal_fdcan.o
                0x08002388                HAL_FDCAN_TT_ScheduleSyncCallback
 .text.HAL_FDCAN_TT_TimeMarkCallback
                0x0800239e       0x16 ./Drivers/STM32H7xx_HAL_Driver/Src/stm32h7xx_hal_fdcan.o
                0x0800239e                HAL_FDCAN_TT_TimeMarkCallback
 .text.HAL_FDCAN_TT_StopWatchCallback
                0x080023b4       0x18 ./Drivers/STM32H7xx_HAL_Driver/Src/stm32h7xx_hal_fdcan.o
                0x080023b4                HAL_FDCAN_TT_StopWatchCallback
 .text.HAL_FDCAN_TT_GlobalTimeCallback
                0x080023cc       0x16 ./Drivers/STM32H7xx_HAL_Driver/Src/stm32h7xx_hal_fdcan.o
                0x080023cc                HAL_FDCAN_TT_GlobalTimeCallback
 *fill*         0x080023e2        0x2 
 .text.FDCAN_CalcultateRamBlockAddresses
                0x080023e4      0x30c ./Drivers/STM32H7xx_HAL_Driver/Src/stm32h7xx_hal_fdcan.o
 .text.HAL_GPIO_Init
                0x080026f0      0x360 ./Drivers/STM32H7xx_HAL_Driver/Src/stm32h7xx_hal_gpio.o
                0x080026f0                HAL_GPIO_Init
 .text.HAL_GPIO_WritePin
                0x08002a50       0x32 ./Drivers/STM32H7xx_HAL_Driver/Src/stm32h7xx_hal_gpio.o
                0x08002a50                HAL_GPIO_WritePin
 .text.HAL_GPIO_TogglePin
                0x08002a82       0x34 ./Drivers/STM32H7xx_HAL_Driver/Src/stm32h7xx_hal_gpio.o
                0x08002a82                HAL_GPIO_TogglePin
 *fill*         0x08002ab6        0x2 
 .text.HAL_PWREx_ConfigSupply
                0x08002ab8       0x74 ./Drivers/STM32H7xx_HAL_Driver/Src/stm32h7xx_hal_pwr_ex.o
                0x08002ab8                HAL_PWREx_ConfigSupply
 .text.HAL_RCC_OscConfig
                0x08002b2c      0x8b4 ./Drivers/STM32H7xx_HAL_Driver/Src/stm32h7xx_hal_rcc.o
                0x08002b2c                HAL_RCC_OscConfig
 .text.HAL_RCC_ClockConfig
                0x080033e0      0x36c ./Drivers/STM32H7xx_HAL_Driver/Src/stm32h7xx_hal_rcc.o
                0x080033e0                HAL_RCC_ClockConfig
 .text.HAL_RCC_GetSysClockFreq
                0x0800374c      0x2f4 ./Drivers/STM32H7xx_HAL_Driver/Src/stm32h7xx_hal_rcc.o
                0x0800374c                HAL_RCC_GetSysClockFreq
 .text.HAL_RCCEx_PeriphCLKConfig
                0x08003a40     0x1414 ./Drivers/STM32H7xx_HAL_Driver/Src/stm32h7xx_hal_rcc_ex.o
                0x08003a40                HAL_RCCEx_PeriphCLKConfig
 .text.RCCEx_PLL2_Config
                0x08004e54      0x164 ./Drivers/STM32H7xx_HAL_Driver/Src/stm32h7xx_hal_rcc_ex.o
 .text.RCCEx_PLL3_Config
                0x08004fb8      0x164 ./Drivers/STM32H7xx_HAL_Driver/Src/stm32h7xx_hal_rcc_ex.o
 .text.HAL_TIM_Encoder_Init
                0x0800511c      0x14c ./Drivers/STM32H7xx_HAL_Driver/Src/stm32h7xx_hal_tim.o
                0x0800511c                HAL_TIM_Encoder_Init
 .text.HAL_TIM_Encoder_Start
                0x08005268      0x11c ./Drivers/STM32H7xx_HAL_Driver/Src/stm32h7xx_hal_tim.o
                0x08005268                HAL_TIM_Encoder_Start
 .text.HAL_TIM_IRQHandler
                0x08005384      0x20e ./Drivers/STM32H7xx_HAL_Driver/Src/stm32h7xx_hal_tim.o
                0x08005384                HAL_TIM_IRQHandler
 .text.HAL_TIM_PeriodElapsedCallback
                0x08005592       0x14 ./Drivers/STM32H7xx_HAL_Driver/Src/stm32h7xx_hal_tim.o
                0x08005592                HAL_TIM_PeriodElapsedCallback
 .text.HAL_TIM_OC_DelayElapsedCallback
                0x080055a6       0x14 ./Drivers/STM32H7xx_HAL_Driver/Src/stm32h7xx_hal_tim.o
                0x080055a6                HAL_TIM_OC_DelayElapsedCallback
 .text.HAL_TIM_PWM_PulseFinishedCallback
                0x080055ba       0x14 ./Drivers/STM32H7xx_HAL_Driver/Src/stm32h7xx_hal_tim.o
                0x080055ba                HAL_TIM_PWM_PulseFinishedCallback
 .text.HAL_TIM_TriggerCallback
                0x080055ce       0x14 ./Drivers/STM32H7xx_HAL_Driver/Src/stm32h7xx_hal_tim.o
                0x080055ce                HAL_TIM_TriggerCallback
 *fill*         0x080055e2        0x2 
 .text.TIM_Base_SetConfig
                0x080055e4      0x140 ./Drivers/STM32H7xx_HAL_Driver/Src/stm32h7xx_hal_tim.o
                0x080055e4                TIM_Base_SetConfig
 .text.TIM_CCxChannelCmd
                0x08005724       0x4a ./Drivers/STM32H7xx_HAL_Driver/Src/stm32h7xx_hal_tim.o
                0x08005724                TIM_CCxChannelCmd
 *fill*         0x0800576e        0x2 
 .text.HAL_TIMEx_MasterConfigSynchronization
                0x08005770      0x11c ./Drivers/STM32H7xx_HAL_Driver/Src/stm32h7xx_hal_tim_ex.o
                0x08005770                HAL_TIMEx_MasterConfigSynchronization
 .text.HAL_TIMEx_CommutCallback
                0x0800588c       0x14 ./Drivers/STM32H7xx_HAL_Driver/Src/stm32h7xx_hal_tim_ex.o
                0x0800588c                HAL_TIMEx_CommutCallback
 .text.HAL_TIMEx_BreakCallback
                0x080058a0       0x14 ./Drivers/STM32H7xx_HAL_Driver/Src/stm32h7xx_hal_tim_ex.o
                0x080058a0                HAL_TIMEx_BreakCallback
 .text.HAL_TIMEx_Break2Callback
                0x080058b4       0x14 ./Drivers/STM32H7xx_HAL_Driver/Src/stm32h7xx_hal_tim_ex.o
                0x080058b4                HAL_TIMEx_Break2Callback
 .text.memset   0x080058c8       0x10 C:/ST/STM32CubeIDE_1.16.1/STM32CubeIDE/plugins/com.st.stm32cube.ide.mcu.externaltools.gnu-tools-for-stm32.13.3.rel1.win32_1.0.0.202411081344/tools/bin/../lib/gcc/arm-none-eabi/13.3.1/../../../../arm-none-eabi/lib/thumb/v7e-m+dp/hard\libc_nano.a(libc_a-memset.o)
                0x080058c8                memset
 .text.__libc_init_array
                0x080058d8       0x48 C:/ST/STM32CubeIDE_1.16.1/STM32CubeIDE/plugins/com.st.stm32cube.ide.mcu.externaltools.gnu-tools-for-stm32.13.3.rel1.win32_1.0.0.202411081344/tools/bin/../lib/gcc/arm-none-eabi/13.3.1/../../../../arm-none-eabi/lib/thumb/v7e-m+dp/hard\libc_nano.a(libc_a-init.o)
                0x080058d8                __libc_init_array
 .text.memcpy   0x08005920       0x1c C:/ST/STM32CubeIDE_1.16.1/STM32CubeIDE/plugins/com.st.stm32cube.ide.mcu.externaltools.gnu-tools-for-stm32.13.3.rel1.win32_1.0.0.202411081344/tools/bin/../lib/gcc/arm-none-eabi/13.3.1/../../../../arm-none-eabi/lib/thumb/v7e-m+dp/hard\libc_nano.a(libc_a-memcpy-stub.o)
                0x08005920                memcpy
 *(.glue_7)
 .glue_7        0x0800593c        0x0 linker stubs
 *(.glue_7t)
 .glue_7t       0x0800593c        0x0 linker stubs
 *(.eh_frame)
 .eh_frame      0x0800593c        0x0 C:/ST/STM32CubeIDE_1.16.1/STM32CubeIDE/plugins/com.st.stm32cube.ide.mcu.externaltools.gnu-tools-for-stm32.13.3.rel1.win32_1.0.0.202411081344/tools/bin/../lib/gcc/arm-none-eabi/13.3.1/thumb/v7e-m+dp/hard/crtbegin.o
 *(.init)
 .init          0x0800593c        0x4 C:/ST/STM32CubeIDE_1.16.1/STM32CubeIDE/plugins/com.st.stm32cube.ide.mcu.externaltools.gnu-tools-for-stm32.13.3.rel1.win32_1.0.0.202411081344/tools/bin/../lib/gcc/arm-none-eabi/13.3.1/thumb/v7e-m+dp/hard/crti.o
                0x0800593c                _init
 .init          0x08005940        0x8 C:/ST/STM32CubeIDE_1.16.1/STM32CubeIDE/plugins/com.st.stm32cube.ide.mcu.externaltools.gnu-tools-for-stm32.13.3.rel1.win32_1.0.0.202411081344/tools/bin/../lib/gcc/arm-none-eabi/13.3.1/thumb/v7e-m+dp/hard/crtn.o
 *(.fini)
 .fini          0x08005948        0x4 C:/ST/STM32CubeIDE_1.16.1/STM32CubeIDE/plugins/com.st.stm32cube.ide.mcu.externaltools.gnu-tools-for-stm32.13.3.rel1.win32_1.0.0.202411081344/tools/bin/../lib/gcc/arm-none-eabi/13.3.1/thumb/v7e-m+dp/hard/crti.o
                0x08005948                _fini
 .fini          0x0800594c        0x8 C:/ST/STM32CubeIDE_1.16.1/STM32CubeIDE/plugins/com.st.stm32cube.ide.mcu.externaltools.gnu-tools-for-stm32.13.3.rel1.win32_1.0.0.202411081344/tools/bin/../lib/gcc/arm-none-eabi/13.3.1/thumb/v7e-m+dp/hard/crtn.o
                0x08005954                        . = ALIGN (0x4)
                0x08005954                        _etext = .

.vfp11_veneer   0x08005954        0x0
 .vfp11_veneer  0x08005954        0x0 linker stubs

.v4_bx          0x08005954        0x0
 .v4_bx         0x08005954        0x0 linker stubs

.iplt           0x08005954        0x0
 .iplt          0x08005954        0x0 C:/ST/STM32CubeIDE_1.16.1/STM32CubeIDE/plugins/com.st.stm32cube.ide.mcu.externaltools.gnu-tools-for-stm32.13.3.rel1.win32_1.0.0.202411081344/tools/bin/../lib/gcc/arm-none-eabi/13.3.1/thumb/v7e-m+dp/hard/crtbegin.o

.rodata         0x08005954       0x6c
                0x08005954                        . = ALIGN (0x4)
 *(.rodata)
 .rodata        0x08005954       0x4c ./Drivers/STM32H7xx_HAL_Driver/Src/stm32h7xx_hal_fdcan.o
 *(.rodata*)
 .rodata.D1CorePrescTable
                0x080059a0       0x10 ./Core/Src/system_stm32h7xx.o
                0x080059a0                D1CorePrescTable
 .rodata.DLCtoBytes
                0x080059b0       0x10 ./Drivers/STM32H7xx_HAL_Driver/Src/stm32h7xx_hal_fdcan.o
                0x080059c0                        . = ALIGN (0x4)

.ARM.extab
 *(.ARM.extab* .gnu.linkonce.armextab.*)

.ARM            0x080059c0        0x0
                0x080059c0                        __exidx_start = .
 *(.ARM.exidx*)
                0x080059c0                        __exidx_end = .

.preinit_array  0x080059c0        0x0
                0x080059c0                        PROVIDE (__preinit_array_start = .)
 *(.preinit_array*)
                0x080059c0                        PROVIDE (__preinit_array_end = .)

.init_array     0x080059c0        0x4
                0x080059c0                        PROVIDE (__init_array_start = .)
 *(SORT_BY_NAME(.init_array.*))
 *(.init_array*)
 .init_array    0x080059c0        0x4 C:/ST/STM32CubeIDE_1.16.1/STM32CubeIDE/plugins/com.st.stm32cube.ide.mcu.externaltools.gnu-tools-for-stm32.13.3.rel1.win32_1.0.0.202411081344/tools/bin/../lib/gcc/arm-none-eabi/13.3.1/thumb/v7e-m+dp/hard/crtbegin.o
                0x080059c4                        PROVIDE (__init_array_end = .)

.fini_array     0x080059c4        0x4
                [!provide]                        PROVIDE (__fini_array_start = .)
 *(SORT_BY_NAME(.fini_array.*))
 *(.fini_array*)
 .fini_array    0x080059c4        0x4 C:/ST/STM32CubeIDE_1.16.1/STM32CubeIDE/plugins/com.st.stm32cube.ide.mcu.externaltools.gnu-tools-for-stm32.13.3.rel1.win32_1.0.0.202411081344/tools/bin/../lib/gcc/arm-none-eabi/13.3.1/thumb/v7e-m+dp/hard/crtbegin.o
                [!provide]                        PROVIDE (__fini_array_end = .)
                0x080059c8                        _sidata = LOADADDR (.data)

.rel.dyn        0x080059c8        0x0
 .rel.iplt      0x080059c8        0x0 C:/ST/STM32CubeIDE_1.16.1/STM32CubeIDE/plugins/com.st.stm32cube.ide.mcu.externaltools.gnu-tools-for-stm32.13.3.rel1.win32_1.0.0.202411081344/tools/bin/../lib/gcc/arm-none-eabi/13.3.1/thumb/v7e-m+dp/hard/crtbegin.o

.data           0x24000000       0x10 load address 0x080059c8
                0x24000000                        . = ALIGN (0x4)
                0x24000000                        _sdata = .
 *(.data)
 *(.data*)
 .data.SystemCoreClock
                0x24000000        0x4 ./Core/Src/system_stm32h7xx.o
                0x24000000                SystemCoreClock
 .data.SystemD2Clock
                0x24000004        0x4 ./Core/Src/system_stm32h7xx.o
                0x24000004                SystemD2Clock
 .data.uwTickPrio
                0x24000008        0x4 ./Drivers/STM32H7xx_HAL_Driver/Src/stm32h7xx_hal.o
                0x24000008                uwTickPrio
 .data.uwTickFreq
                0x2400000c        0x1 ./Drivers/STM32H7xx_HAL_Driver/Src/stm32h7xx_hal.o
                0x2400000c                uwTickFreq
 *(.RamFunc)
 *(.RamFunc*)
                0x24000010                        . = ALIGN (0x4)
 *fill*         0x2400000d        0x3 
                0x24000010                        _edata = .

.igot.plt       0x24000010        0x0 load address 0x080059d8
 .igot.plt      0x24000010        0x0 C:/ST/STM32CubeIDE_1.16.1/STM32CubeIDE/plugins/com.st.stm32cube.ide.mcu.externaltools.gnu-tools-for-stm32.13.3.rel1.win32_1.0.0.202411081344/tools/bin/../lib/gcc/arm-none-eabi/13.3.1/thumb/v7e-m+dp/hard/crtbegin.o
                0x24000010                        . = ALIGN (0x4)

.bss            0x24000010      0x2e0 load address 0x080059d8
                0x24000010                        _sbss = .
                0x24000010                        __bss_start__ = _sbss
 *(.bss)
 .bss           0x24000010       0x1c C:/ST/STM32CubeIDE_1.16.1/STM32CubeIDE/plugins/com.st.stm32cube.ide.mcu.externaltools.gnu-tools-for-stm32.13.3.rel1.win32_1.0.0.202411081344/tools/bin/../lib/gcc/arm-none-eabi/13.3.1/thumb/v7e-m+dp/hard/crtbegin.o
 *(.bss*)
 .bss.RxData    0x2400002c        0x8 ./Core/Src/canVFD.o
                0x2400002c                RxData
 .bss.RxHeader  0x24000034       0x28 ./Core/Src/canVFD.o
                0x24000034                RxHeader
 .bss.head      0x2400005c        0x4 ./Core/Src/canVFD.o
                0x2400005c                head
 .bss.tail      0x24000060        0x4 ./Core/Src/canVFD.o
                0x24000060                tail
 .bss.canQ      0x24000064      0x180 ./Core/Src/canVFD.o
                0x24000064                canQ
 .bss.counter   0x240001e4        0x2 ./Core/Src/encoder.o
                0x240001e4                counter
 .bss.count     0x240001e6        0x2 ./Core/Src/encoder.o
                0x240001e6                count
 .bss.hdac1     0x240001e8       0x14 ./Core/Src/main.o
                0x240001e8                hdac1
 .bss.hfdcan1   0x240001fc       0xa0 ./Core/Src/main.o
                0x240001fc                hfdcan1
 .bss.htim2     0x2400029c       0x4c ./Core/Src/main.o
                0x2400029c                htim2
 .bss.debug0    0x240002e8        0x4 ./Core/Src/main.o
                0x240002e8                debug0
 .bss.uwTick    0x240002ec        0x4 ./Drivers/STM32H7xx_HAL_Driver/Src/stm32h7xx_hal.o
                0x240002ec                uwTick
 *(COMMON)
                0x240002f0                        . = ALIGN (0x4)
                0x240002f0                        _ebss = .
                0x240002f0                        __bss_end__ = _ebss

._user_heap_stack
                0x240002f0      0x600 load address 0x080059d8
                0x240002f0                        . = ALIGN (0x8)
                [!provide]                        PROVIDE (end = .)
                0x240002f0                        PROVIDE (_end = .)
                0x240004f0                        . = (. + _Min_Heap_Size)
 *fill*         0x240002f0      0x200 
                0x240008f0                        . = (. + _Min_Stack_Size)
 *fill*         0x240004f0      0x400 
                0x240008f0                        . = ALIGN (0x8)

/DISCARD/
 libc.a(*)
 libm.a(*)
 libgcc.a(*)

.ARM.attributes
                0x00000000       0x2e
 *(.ARM.attributes)
 .ARM.attributes
                0x00000000       0x20 C:/ST/STM32CubeIDE_1.16.1/STM32CubeIDE/plugins/com.st.stm32cube.ide.mcu.externaltools.gnu-tools-for-stm32.13.3.rel1.win32_1.0.0.202411081344/tools/bin/../lib/gcc/arm-none-eabi/13.3.1/thumb/v7e-m+dp/hard/crti.o
 .ARM.attributes
                0x00000020       0x32 C:/ST/STM32CubeIDE_1.16.1/STM32CubeIDE/plugins/com.st.stm32cube.ide.mcu.externaltools.gnu-tools-for-stm32.13.3.rel1.win32_1.0.0.202411081344/tools/bin/../lib/gcc/arm-none-eabi/13.3.1/thumb/v7e-m+dp/hard/crtbegin.o
 .ARM.attributes
                0x00000052       0x32 ./Core/Src/canVFD.o
 .ARM.attributes
                0x00000084       0x32 ./Core/Src/encoder.o
 .ARM.attributes
                0x000000b6       0x32 ./Core/Src/main.o
 .ARM.attributes
                0x000000e8       0x32 ./Core/Src/stm32h7xx_hal_msp.o
 .ARM.attributes
                0x0000011a       0x32 ./Core/Src/stm32h7xx_it.o
 .ARM.attributes
                0x0000014c       0x32 ./Core/Src/system_stm32h7xx.o
 .ARM.attributes
                0x0000017e       0x21 ./Core/Startup/startup_stm32h753zitx.o
 .ARM.attributes
                0x0000019f       0x32 ./Drivers/STM32H7xx_HAL_Driver/Src/stm32h7xx_hal.o
 .ARM.attributes
                0x000001d1       0x32 ./Drivers/STM32H7xx_HAL_Driver/Src/stm32h7xx_hal_cortex.o
 .ARM.attributes
                0x00000203       0x32 ./Drivers/STM32H7xx_HAL_Driver/Src/stm32h7xx_hal_dac.o
 .ARM.attributes
                0x00000235       0x32 ./Drivers/STM32H7xx_HAL_Driver/Src/stm32h7xx_hal_fdcan.o
 .ARM.attributes
                0x00000267       0x32 ./Drivers/STM32H7xx_HAL_Driver/Src/stm32h7xx_hal_gpio.o
 .ARM.attributes
                0x00000299       0x32 ./Drivers/STM32H7xx_HAL_Driver/Src/stm32h7xx_hal_pwr_ex.o
 .ARM.attributes
                0x000002cb       0x32 ./Drivers/STM32H7xx_HAL_Driver/Src/stm32h7xx_hal_rcc.o
 .ARM.attributes
                0x000002fd       0x32 ./Drivers/STM32H7xx_HAL_Driver/Src/stm32h7xx_hal_rcc_ex.o
 .ARM.attributes
                0x0000032f       0x32 ./Drivers/STM32H7xx_HAL_Driver/Src/stm32h7xx_hal_tim.o
 .ARM.attributes
                0x00000361       0x32 ./Drivers/STM32H7xx_HAL_Driver/Src/stm32h7xx_hal_tim_ex.o
 .ARM.attributes
                0x00000393       0x32 C:/ST/STM32CubeIDE_1.16.1/STM32CubeIDE/plugins/com.st.stm32cube.ide.mcu.externaltools.gnu-tools-for-stm32.13.3.rel1.win32_1.0.0.202411081344/tools/bin/../lib/gcc/arm-none-eabi/13.3.1/../../../../arm-none-eabi/lib/thumb/v7e-m+dp/hard\libc_nano.a(libc_a-memset.o)
 .ARM.attributes
                0x000003c5       0x32 C:/ST/STM32CubeIDE_1.16.1/STM32CubeIDE/plugins/com.st.stm32cube.ide.mcu.externaltools.gnu-tools-for-stm32.13.3.rel1.win32_1.0.0.202411081344/tools/bin/../lib/gcc/arm-none-eabi/13.3.1/../../../../arm-none-eabi/lib/thumb/v7e-m+dp/hard\libc_nano.a(libc_a-init.o)
 .ARM.attributes
                0x000003f7       0x32 C:/ST/STM32CubeIDE_1.16.1/STM32CubeIDE/plugins/com.st.stm32cube.ide.mcu.externaltools.gnu-tools-for-stm32.13.3.rel1.win32_1.0.0.202411081344/tools/bin/../lib/gcc/arm-none-eabi/13.3.1/../../../../arm-none-eabi/lib/thumb/v7e-m+dp/hard\libc_nano.a(libc_a-memcpy-stub.o)
 .ARM.attributes
                0x00000429       0x20 C:/ST/STM32CubeIDE_1.16.1/STM32CubeIDE/plugins/com.st.stm32cube.ide.mcu.externaltools.gnu-tools-for-stm32.13.3.rel1.win32_1.0.0.202411081344/tools/bin/../lib/gcc/arm-none-eabi/13.3.1/thumb/v7e-m+dp/hard/crtn.o
OUTPUT(hyperXite.elf elf32-littlearm)
LOAD linker stubs
LOAD C:/ST/STM32CubeIDE_1.16.1/STM32CubeIDE/plugins/com.st.stm32cube.ide.mcu.externaltools.gnu-tools-for-stm32.13.3.rel1.win32_1.0.0.202411081344/tools/bin/../lib/gcc/arm-none-eabi/13.3.1/../../../../arm-none-eabi/lib/thumb/v7e-m+dp/hard\libc.a
LOAD C:/ST/STM32CubeIDE_1.16.1/STM32CubeIDE/plugins/com.st.stm32cube.ide.mcu.externaltools.gnu-tools-for-stm32.13.3.rel1.win32_1.0.0.202411081344/tools/bin/../lib/gcc/arm-none-eabi/13.3.1/../../../../arm-none-eabi/lib/thumb/v7e-m+dp/hard\libm.a
LOAD C:/ST/STM32CubeIDE_1.16.1/STM32CubeIDE/plugins/com.st.stm32cube.ide.mcu.externaltools.gnu-tools-for-stm32.13.3.rel1.win32_1.0.0.202411081344/tools/bin/../lib/gcc/arm-none-eabi/13.3.1/thumb/v7e-m+dp/hard\libgcc.a

.debug_info     0x00000000    0x15537
 .debug_info    0x00000000      0xc48 ./Core/Src/canVFD.o
 .debug_info    0x00000c48      0x7b3 ./Core/Src/encoder.o
 .debug_info    0x000013fb     0x2713 ./Core/Src/main.o
 .debug_info    0x00003b0e     0x1e9b ./Core/Src/stm32h7xx_hal_msp.o
 .debug_info    0x000059a9      0xfb9 ./Core/Src/stm32h7xx_it.o
 .debug_info    0x00006962      0xdb2 ./Core/Src/system_stm32h7xx.o
 .debug_info    0x00007714       0x30 ./Core/Startup/startup_stm32h753zitx.o
 .debug_info    0x00007744     0x1541 ./Drivers/STM32H7xx_HAL_Driver/Src/stm32h7xx_hal.o
 .debug_info    0x00008c85     0x10b7 ./Drivers/STM32H7xx_HAL_Driver/Src/stm32h7xx_hal_cortex.o
 .debug_info    0x00009d3c      0xbb8 ./Drivers/STM32H7xx_HAL_Driver/Src/stm32h7xx_hal_dac.o
 .debug_info    0x0000a8f4     0x2baf ./Drivers/STM32H7xx_HAL_Driver/Src/stm32h7xx_hal_fdcan.o
 .debug_info    0x0000d4a3      0xc5a ./Drivers/STM32H7xx_HAL_Driver/Src/stm32h7xx_hal_gpio.o
 .debug_info    0x0000e0fd     0x1012 ./Drivers/STM32H7xx_HAL_Driver/Src/stm32h7xx_hal_pwr_ex.o
 .debug_info    0x0000f10f      0xe6a ./Drivers/STM32H7xx_HAL_Driver/Src/stm32h7xx_hal_rcc.o
 .debug_info    0x0000ff79     0x1225 ./Drivers/STM32H7xx_HAL_Driver/Src/stm32h7xx_hal_rcc_ex.o
 .debug_info    0x0001119e     0x2bae ./Drivers/STM32H7xx_HAL_Driver/Src/stm32h7xx_hal_tim.o
 .debug_info    0x00013d4c     0x17eb ./Drivers/STM32H7xx_HAL_Driver/Src/stm32h7xx_hal_tim_ex.o

.debug_abbrev   0x00000000     0x2563
 .debug_abbrev  0x00000000      0x236 ./Core/Src/canVFD.o
 .debug_abbrev  0x00000236      0x160 ./Core/Src/encoder.o
 .debug_abbrev  0x00000396      0x30c ./Core/Src/main.o
 .debug_abbrev  0x000006a2      0x24f ./Core/Src/stm32h7xx_hal_msp.o
 .debug_abbrev  0x000008f1      0x1b3 ./Core/Src/stm32h7xx_it.o
 .debug_abbrev  0x00000aa4      0x165 ./Core/Src/system_stm32h7xx.o
 .debug_abbrev  0x00000c09       0x24 ./Core/Startup/startup_stm32h753zitx.o
 .debug_abbrev  0x00000c2d      0x295 ./Drivers/STM32H7xx_HAL_Driver/Src/stm32h7xx_hal.o
 .debug_abbrev  0x00000ec2      0x339 ./Drivers/STM32H7xx_HAL_Driver/Src/stm32h7xx_hal_cortex.o
 .debug_abbrev  0x000011fb      0x20c ./Drivers/STM32H7xx_HAL_Driver/Src/stm32h7xx_hal_dac.o
 .debug_abbrev  0x00001407      0x288 ./Drivers/STM32H7xx_HAL_Driver/Src/stm32h7xx_hal_fdcan.o
 .debug_abbrev  0x0000168f      0x205 ./Drivers/STM32H7xx_HAL_Driver/Src/stm32h7xx_hal_gpio.o
 .debug_abbrev  0x00001894      0x2a7 ./Drivers/STM32H7xx_HAL_Driver/Src/stm32h7xx_hal_pwr_ex.o
 .debug_abbrev  0x00001b3b      0x2c8 ./Drivers/STM32H7xx_HAL_Driver/Src/stm32h7xx_hal_rcc.o
 .debug_abbrev  0x00001e03      0x269 ./Drivers/STM32H7xx_HAL_Driver/Src/stm32h7xx_hal_rcc_ex.o
 .debug_abbrev  0x0000206c      0x276 ./Drivers/STM32H7xx_HAL_Driver/Src/stm32h7xx_hal_tim.o
 .debug_abbrev  0x000022e2      0x281 ./Drivers/STM32H7xx_HAL_Driver/Src/stm32h7xx_hal_tim_ex.o

.debug_aranges  0x00000000     0x1118
 .debug_aranges
                0x00000000       0x30 ./Core/Src/canVFD.o
 .debug_aranges
                0x00000030       0x20 ./Core/Src/encoder.o
 .debug_aranges
                0x00000050       0x58 ./Core/Src/main.o
 .debug_aranges
                0x000000a8       0x50 ./Core/Src/stm32h7xx_hal_msp.o
 .debug_aranges
                0x000000f8       0x70 ./Core/Src/stm32h7xx_it.o
 .debug_aranges
                0x00000168       0x30 ./Core/Src/system_stm32h7xx.o
 .debug_aranges
                0x00000198       0x28 ./Core/Startup/startup_stm32h753zitx.o
 .debug_aranges
                0x000001c0      0x198 ./Drivers/STM32H7xx_HAL_Driver/Src/stm32h7xx_hal.o
 .debug_aranges
                0x00000358      0x130 ./Drivers/STM32H7xx_HAL_Driver/Src/stm32h7xx_hal_cortex.o
 .debug_aranges
                0x00000488       0xc0 ./Drivers/STM32H7xx_HAL_Driver/Src/stm32h7xx_hal_dac.o
 .debug_aranges
                0x00000548      0x338 ./Drivers/STM32H7xx_HAL_Driver/Src/stm32h7xx_hal_fdcan.o
 .debug_aranges
                0x00000880       0x58 ./Drivers/STM32H7xx_HAL_Driver/Src/stm32h7xx_hal_gpio.o
 .debug_aranges
                0x000008d8      0x158 ./Drivers/STM32H7xx_HAL_Driver/Src/stm32h7xx_hal_pwr_ex.o
 .debug_aranges
                0x00000a30       0x88 ./Drivers/STM32H7xx_HAL_Driver/Src/stm32h7xx_hal_rcc.o
 .debug_aranges
                0x00000ab8       0xf8 ./Drivers/STM32H7xx_HAL_Driver/Src/stm32h7xx_hal_rcc_ex.o
 .debug_aranges
                0x00000bb0      0x3e0 ./Drivers/STM32H7xx_HAL_Driver/Src/stm32h7xx_hal_tim.o
 .debug_aranges
                0x00000f90      0x188 ./Drivers/STM32H7xx_HAL_Driver/Src/stm32h7xx_hal_tim_ex.o

.debug_rnglists
                0x00000000      0xd36
 .debug_rnglists
                0x00000000       0x21 ./Core/Src/canVFD.o
 .debug_rnglists
                0x00000021       0x13 ./Core/Src/encoder.o
 .debug_rnglists
                0x00000034       0x42 ./Core/Src/main.o
 .debug_rnglists
                0x00000076       0x3a ./Core/Src/stm32h7xx_hal_msp.o
 .debug_rnglists
                0x000000b0       0x4f ./Core/Src/stm32h7xx_it.o
 .debug_rnglists
                0x000000ff       0x21 ./Core/Src/system_stm32h7xx.o
 .debug_rnglists
                0x00000120       0x19 ./Core/Startup/startup_stm32h753zitx.o
 .debug_rnglists
                0x00000139      0x131 ./Drivers/STM32H7xx_HAL_Driver/Src/stm32h7xx_hal.o
 .debug_rnglists
                0x0000026a       0xe0 ./Drivers/STM32H7xx_HAL_Driver/Src/stm32h7xx_hal_cortex.o
 .debug_rnglists
                0x0000034a       0x90 ./Drivers/STM32H7xx_HAL_Driver/Src/stm32h7xx_hal_dac.o
 .debug_rnglists
                0x000003da      0x28b ./Drivers/STM32H7xx_HAL_Driver/Src/stm32h7xx_hal_fdcan.o
 .debug_rnglists
                0x00000665       0x3f ./Drivers/STM32H7xx_HAL_Driver/Src/stm32h7xx_hal_gpio.o
 .debug_rnglists
                0x000006a4      0x103 ./Drivers/STM32H7xx_HAL_Driver/Src/stm32h7xx_hal_pwr_ex.o
 .debug_rnglists
                0x000007a7       0x68 ./Drivers/STM32H7xx_HAL_Driver/Src/stm32h7xx_hal_rcc.o
 .debug_rnglists
                0x0000080f       0xc0 ./Drivers/STM32H7xx_HAL_Driver/Src/stm32h7xx_hal_rcc_ex.o
 .debug_rnglists
                0x000008cf      0x328 ./Drivers/STM32H7xx_HAL_Driver/Src/stm32h7xx_hal_tim.o
 .debug_rnglists
                0x00000bf7      0x13f ./Drivers/STM32H7xx_HAL_Driver/Src/stm32h7xx_hal_tim_ex.o

.debug_macro    0x00000000    0x3881a
 .debug_macro   0x00000000      0x2fc ./Core/Src/canVFD.o
 .debug_macro   0x000002fc      0xaf6 ./Core/Src/canVFD.o
 .debug_macro   0x00000df2       0x22 ./Core/Src/canVFD.o
 .debug_macro   0x00000e14       0x5b ./Core/Src/canVFD.o
 .debug_macro   0x00000e6f       0x29 ./Core/Src/canVFD.o
 .debug_macro   0x00000e98       0x94 ./Core/Src/canVFD.o
 .debug_macro   0x00000f2c       0x43 ./Core/Src/canVFD.o
 .debug_macro   0x00000f6f       0x34 ./Core/Src/canVFD.o
 .debug_macro   0x00000fa3       0x16 ./Core/Src/canVFD.o
 .debug_macro   0x00000fb9       0x57 ./Core/Src/canVFD.o
 .debug_macro   0x00001010       0x9e ./Core/Src/canVFD.o
 .debug_macro   0x000010ae      0x370 ./Core/Src/canVFD.o
 .debug_macro   0x0000141e      0x112 ./Core/Src/canVFD.o
 .debug_macro   0x00001530       0x10 ./Core/Src/canVFD.o
 .debug_macro   0x00001540       0x16 ./Core/Src/canVFD.o
 .debug_macro   0x00001556       0x4a ./Core/Src/canVFD.o
 .debug_macro   0x000015a0       0x34 ./Core/Src/canVFD.o
 .debug_macro   0x000015d4       0x10 ./Core/Src/canVFD.o
 .debug_macro   0x000015e4       0x58 ./Core/Src/canVFD.o
 .debug_macro   0x0000163c       0x8e ./Core/Src/canVFD.o
 .debug_macro   0x000016ca       0x1c ./Core/Src/canVFD.o
 .debug_macro   0x000016e6      0x185 ./Core/Src/canVFD.o
 .debug_macro   0x0000186b       0x16 ./Core/Src/canVFD.o
 .debug_macro   0x00001881       0x16 ./Core/Src/canVFD.o
 .debug_macro   0x00001897      0x146 ./Core/Src/canVFD.o
 .debug_macro   0x000019dd      0x103 ./Core/Src/canVFD.o
 .debug_macro   0x00001ae0       0x6a ./Core/Src/canVFD.o
 .debug_macro   0x00001b4a      0x1df ./Core/Src/canVFD.o
 .debug_macro   0x00001d29      0x23e ./Core/Src/canVFD.o
 .debug_macro   0x00001f67       0x2e ./Core/Src/canVFD.o
 .debug_macro   0x00001f95       0x3b ./Core/Src/canVFD.o
 .debug_macro   0x00001fd0       0x1c ./Core/Src/canVFD.o
 .debug_macro   0x00001fec       0x22 ./Core/Src/canVFD.o
 .debug_macro   0x0000200e       0xfb ./Core/Src/canVFD.o
 .debug_macro   0x00002109     0x1305 ./Core/Src/canVFD.o
 .debug_macro   0x0000340e      0x11f ./Core/Src/canVFD.o
 .debug_macro   0x0000352d       0x27 ./Core/Src/canVFD.o
 .debug_macro   0x00003554    0x261cc ./Core/Src/canVFD.o
 .debug_macro   0x00029720       0x6d ./Core/Src/canVFD.o
 .debug_macro   0x0002978d     0x3d79 ./Core/Src/canVFD.o
 .debug_macro   0x0002d506      0x19b ./Core/Src/canVFD.o
 .debug_macro   0x0002d6a1       0x5d ./Core/Src/canVFD.o
 .debug_macro   0x0002d6fe     0x240e ./Core/Src/canVFD.o
 .debug_macro   0x0002fb0c     0x102c ./Core/Src/canVFD.o
 .debug_macro   0x00030b38      0x154 ./Core/Src/canVFD.o
 .debug_macro   0x00030c8c      0x114 ./Core/Src/canVFD.o
 .debug_macro   0x00030da0      0x3b6 ./Core/Src/canVFD.o
 .debug_macro   0x00031156       0xac ./Core/Src/canVFD.o
 .debug_macro   0x00031202      0x72d ./Core/Src/canVFD.o
 .debug_macro   0x0003192f      0x228 ./Core/Src/canVFD.o
 .debug_macro   0x00031b57       0x66 ./Core/Src/canVFD.o
 .debug_macro   0x00031bbd      0x3bb ./Core/Src/canVFD.o
 .debug_macro   0x00031f78      0x3e4 ./Core/Src/canVFD.o
 .debug_macro   0x0003235c      0x275 ./Core/Src/canVFD.o
 .debug_macro   0x000325d1      0xe42 ./Core/Src/canVFD.o
 .debug_macro   0x00033413      0x184 ./Core/Src/canVFD.o
 .debug_macro   0x00033597       0xd8 ./Core/Src/canVFD.o
 .debug_macro   0x0003366f      0x3ca ./Core/Src/canVFD.o
 .debug_macro   0x00033a39      0x408 ./Core/Src/canVFD.o
 .debug_macro   0x00033e41       0x51 ./Core/Src/canVFD.o
 .debug_macro   0x00033e92       0x4a ./Core/Src/canVFD.o
 .debug_macro   0x00033edc      0x22c ./Core/Src/canVFD.o
 .debug_macro   0x00034108       0x67 ./Core/Src/canVFD.o
 .debug_macro   0x0003416f       0xa5 ./Core/Src/canVFD.o
 .debug_macro   0x00034214      0x1c4 ./Core/Src/canVFD.o
 .debug_macro   0x000343d8      0x25e ./Core/Src/canVFD.o
 .debug_macro   0x00034636       0x35 ./Core/Src/canVFD.o
 .debug_macro   0x0003466b      0xafa ./Core/Src/canVFD.o
 .debug_macro   0x00035165      0x29f ./Core/Src/canVFD.o
 .debug_macro   0x00035404      0x5ac ./Core/Src/canVFD.o
 .debug_macro   0x000359b0      0x2f6 ./Core/Src/encoder.o
 .debug_macro   0x00035ca6      0x320 ./Core/Src/main.o
 .debug_macro   0x00035fc6       0x8e ./Core/Src/main.o
 .debug_macro   0x00036054       0x51 ./Core/Src/main.o
 .debug_macro   0x000360a5      0x190 ./Core/Src/main.o
 .debug_macro   0x00036235       0x61 ./Core/Src/main.o
 .debug_macro   0x00036296       0x10 ./Core/Src/main.o
 .debug_macro   0x000362a6       0x1c ./Core/Src/main.o
 .debug_macro   0x000362c2       0x3c ./Core/Src/main.o
 .debug_macro   0x000362fe       0x1c ./Core/Src/main.o
 .debug_macro   0x0003631a       0x10 ./Core/Src/main.o
 .debug_macro   0x0003632a       0x22 ./Core/Src/main.o
 .debug_macro   0x0003634c       0x22 ./Core/Src/main.o
 .debug_macro   0x0003636e      0x2c1 ./Core/Src/stm32h7xx_hal_msp.o
 .debug_macro   0x0003662f      0x2cb ./Core/Src/stm32h7xx_it.o
 .debug_macro   0x000368fa      0x2b2 ./Core/Src/system_stm32h7xx.o
 .debug_macro   0x00036bac      0x2dc ./Drivers/STM32H7xx_HAL_Driver/Src/stm32h7xx_hal.o
 .debug_macro   0x00036e88      0x2b2 ./Drivers/STM32H7xx_HAL_Driver/Src/stm32h7xx_hal_cortex.o
 .debug_macro   0x0003713a      0x2ba ./Drivers/STM32H7xx_HAL_Driver/Src/stm32h7xx_hal_dac.o
 .debug_macro   0x000373f4      0x377 ./Drivers/STM32H7xx_HAL_Driver/Src/stm32h7xx_hal_fdcan.o
 .debug_macro   0x0003776b      0x2b9 ./Drivers/STM32H7xx_HAL_Driver/Src/stm32h7xx_hal_gpio.o
 .debug_macro   0x00037a24      0x2eb ./Drivers/STM32H7xx_HAL_Driver/Src/stm32h7xx_hal_pwr_ex.o
 .debug_macro   0x00037d0f      0x2d6 ./Drivers/STM32H7xx_HAL_Driver/Src/stm32h7xx_hal_rcc.o
 .debug_macro   0x00037fe5      0x2d0 ./Drivers/STM32H7xx_HAL_Driver/Src/stm32h7xx_hal_rcc_ex.o
 .debug_macro   0x000382b5      0x2b3 ./Drivers/STM32H7xx_HAL_Driver/Src/stm32h7xx_hal_tim.o
 .debug_macro   0x00038568      0x2b2 ./Drivers/STM32H7xx_HAL_Driver/Src/stm32h7xx_hal_tim_ex.o

.debug_line     0x00000000    0x141bf
 .debug_line    0x00000000      0x9f0 ./Core/Src/canVFD.o
 .debug_line    0x000009f0      0x90f ./Core/Src/encoder.o
 .debug_line    0x000012ff      0xba2 ./Core/Src/main.o
 .debug_line    0x00001ea1      0x9ef ./Core/Src/stm32h7xx_hal_msp.o
 .debug_line    0x00002890      0x9d0 ./Core/Src/stm32h7xx_it.o
 .debug_line    0x00003260      0xaf0 ./Core/Src/system_stm32h7xx.o
 .debug_line    0x00003d50       0x7b ./Core/Startup/startup_stm32h753zitx.o
 .debug_line    0x00003dcb      0xec9 ./Drivers/STM32H7xx_HAL_Driver/Src/stm32h7xx_hal.o
 .debug_line    0x00004c94      0xeb3 ./Drivers/STM32H7xx_HAL_Driver/Src/stm32h7xx_hal_cortex.o
 .debug_line    0x00005b47      0xded ./Drivers/STM32H7xx_HAL_Driver/Src/stm32h7xx_hal_dac.o
 .debug_line    0x00006934     0x2954 ./Drivers/STM32H7xx_HAL_Driver/Src/stm32h7xx_hal_fdcan.o
 .debug_line    0x00009288      0xd52 ./Drivers/STM32H7xx_HAL_Driver/Src/stm32h7xx_hal_gpio.o
 .debug_line    0x00009fda     0x104d ./Drivers/STM32H7xx_HAL_Driver/Src/stm32h7xx_hal_pwr_ex.o
 .debug_line    0x0000b027     0x1570 ./Drivers/STM32H7xx_HAL_Driver/Src/stm32h7xx_hal_rcc.o
 .debug_line    0x0000c597     0x1e7c ./Drivers/STM32H7xx_HAL_Driver/Src/stm32h7xx_hal_rcc_ex.o
 .debug_line    0x0000e413     0x401d ./Drivers/STM32H7xx_HAL_Driver/Src/stm32h7xx_hal_tim.o
 .debug_line    0x00012430     0x1d8f ./Drivers/STM32H7xx_HAL_Driver/Src/stm32h7xx_hal_tim_ex.o

.debug_str      0x00000000   0x16a823
 .debug_str     0x00000000   0x16a823 ./Core/Src/canVFD.o
                             0x1641b4 (size before relaxing)
 .debug_str     0x0016a823   0x164083 ./Core/Src/encoder.o
 .debug_str     0x0016a823   0x165abf ./Core/Src/main.o
 .debug_str     0x0016a823   0x164f63 ./Core/Src/stm32h7xx_hal_msp.o
 .debug_str     0x0016a823   0x163fe7 ./Core/Src/stm32h7xx_it.o
 .debug_str     0x0016a823   0x16398c ./Core/Src/system_stm32h7xx.o
 .debug_str     0x0016a823       0x87 ./Core/Startup/startup_stm32h753zitx.o
 .debug_str     0x0016a823   0x164872 ./Drivers/STM32H7xx_HAL_Driver/Src/stm32h7xx_hal.o
 .debug_str     0x0016a823   0x1642ad ./Drivers/STM32H7xx_HAL_Driver/Src/stm32h7xx_hal_cortex.o
 .debug_str     0x0016a823   0x163bf7 ./Drivers/STM32H7xx_HAL_Driver/Src/stm32h7xx_hal_dac.o
 .debug_str     0x0016a823   0x16563b ./Drivers/STM32H7xx_HAL_Driver/Src/stm32h7xx_hal_fdcan.o
 .debug_str     0x0016a823   0x163904 ./Drivers/STM32H7xx_HAL_Driver/Src/stm32h7xx_hal_gpio.o
 .debug_str     0x0016a823   0x163dc5 ./Drivers/STM32H7xx_HAL_Driver/Src/stm32h7xx_hal_pwr_ex.o
 .debug_str     0x0016a823   0x163ce8 ./Drivers/STM32H7xx_HAL_Driver/Src/stm32h7xx_hal_rcc.o
 .debug_str     0x0016a823   0x1641c9 ./Drivers/STM32H7xx_HAL_Driver/Src/stm32h7xx_hal_rcc_ex.o
 .debug_str     0x0016a823   0x164a87 ./Drivers/STM32H7xx_HAL_Driver/Src/stm32h7xx_hal_tim.o
 .debug_str     0x0016a823   0x1643af ./Drivers/STM32H7xx_HAL_Driver/Src/stm32h7xx_hal_tim_ex.o

.comment        0x00000000       0x43
 .comment       0x00000000       0x43 ./Core/Src/canVFD.o
                                 0x44 (size before relaxing)
 .comment       0x00000043       0x44 ./Core/Src/encoder.o
 .comment       0x00000043       0x44 ./Core/Src/main.o
 .comment       0x00000043       0x44 ./Core/Src/stm32h7xx_hal_msp.o
 .comment       0x00000043       0x44 ./Core/Src/stm32h7xx_it.o
 .comment       0x00000043       0x44 ./Core/Src/system_stm32h7xx.o
 .comment       0x00000043       0x44 ./Drivers/STM32H7xx_HAL_Driver/Src/stm32h7xx_hal.o
 .comment       0x00000043       0x44 ./Drivers/STM32H7xx_HAL_Driver/Src/stm32h7xx_hal_cortex.o
 .comment       0x00000043       0x44 ./Drivers/STM32H7xx_HAL_Driver/Src/stm32h7xx_hal_dac.o
 .comment       0x00000043       0x44 ./Drivers/STM32H7xx_HAL_Driver/Src/stm32h7xx_hal_fdcan.o
 .comment       0x00000043       0x44 ./Drivers/STM32H7xx_HAL_Driver/Src/stm32h7xx_hal_gpio.o
 .comment       0x00000043       0x44 ./Drivers/STM32H7xx_HAL_Driver/Src/stm32h7xx_hal_pwr_ex.o
 .comment       0x00000043       0x44 ./Drivers/STM32H7xx_HAL_Driver/Src/stm32h7xx_hal_rcc.o
 .comment       0x00000043       0x44 ./Drivers/STM32H7xx_HAL_Driver/Src/stm32h7xx_hal_rcc_ex.o
 .comment       0x00000043       0x44 ./Drivers/STM32H7xx_HAL_Driver/Src/stm32h7xx_hal_tim.o
 .comment       0x00000043       0x44 ./Drivers/STM32H7xx_HAL_Driver/Src/stm32h7xx_hal_tim_ex.o

.debug_frame    0x00000000     0x4948
 .debug_frame   0x00000000       0x84 ./Core/Src/canVFD.o
 .debug_frame   0x00000084       0x38 ./Core/Src/encoder.o
 .debug_frame   0x000000bc      0x118 ./Core/Src/main.o
 .debug_frame   0x000001d4      0x114 ./Core/Src/stm32h7xx_hal_msp.o
 .debug_frame   0x000002e8      0x13c ./Core/Src/stm32h7xx_it.o
 .debug_frame   0x00000424       0x78 ./Core/Src/system_stm32h7xx.o
 .debug_frame   0x0000049c      0x690 ./Drivers/STM32H7xx_HAL_Driver/Src/stm32h7xx_hal.o
 .debug_frame   0x00000b2c      0x508 ./Drivers/STM32H7xx_HAL_Driver/Src/stm32h7xx_hal_cortex.o
 .debug_frame   0x00001034      0x338 ./Drivers/STM32H7xx_HAL_Driver/Src/stm32h7xx_hal_dac.o
 .debug_frame   0x0000136c      0xf9c ./Drivers/STM32H7xx_HAL_Driver/Src/stm32h7xx_hal_fdcan.o
 .debug_frame   0x00002308      0x14c ./Drivers/STM32H7xx_HAL_Driver/Src/stm32h7xx_hal_gpio.o
 .debug_frame   0x00002454      0x580 ./Drivers/STM32H7xx_HAL_Driver/Src/stm32h7xx_hal_pwr_ex.o
 .debug_frame   0x000029d4      0x1f8 ./Drivers/STM32H7xx_HAL_Driver/Src/stm32h7xx_hal_rcc.o
 .debug_frame   0x00002bcc      0x414 ./Drivers/STM32H7xx_HAL_Driver/Src/stm32h7xx_hal_rcc_ex.o
 .debug_frame   0x00002fe0     0x121c ./Drivers/STM32H7xx_HAL_Driver/Src/stm32h7xx_hal_tim.o
 .debug_frame   0x000041fc      0x6d8 ./Drivers/STM32H7xx_HAL_Driver/Src/stm32h7xx_hal_tim_ex.o
 .debug_frame   0x000048d4       0x20 C:/ST/STM32CubeIDE_1.16.1/STM32CubeIDE/plugins/com.st.stm32cube.ide.mcu.externaltools.gnu-tools-for-stm32.13.3.rel1.win32_1.0.0.202411081344/tools/bin/../lib/gcc/arm-none-eabi/13.3.1/../../../../arm-none-eabi/lib/thumb/v7e-m+dp/hard\libc_nano.a(libc_a-memset.o)
 .debug_frame   0x000048f4       0x2c C:/ST/STM32CubeIDE_1.16.1/STM32CubeIDE/plugins/com.st.stm32cube.ide.mcu.externaltools.gnu-tools-for-stm32.13.3.rel1.win32_1.0.0.202411081344/tools/bin/../lib/gcc/arm-none-eabi/13.3.1/../../../../arm-none-eabi/lib/thumb/v7e-m+dp/hard\libc_nano.a(libc_a-init.o)
 .debug_frame   0x00004920       0x28 C:/ST/STM32CubeIDE_1.16.1/STM32CubeIDE/plugins/com.st.stm32cube.ide.mcu.externaltools.gnu-tools-for-stm32.13.3.rel1.win32_1.0.0.202411081344/tools/bin/../lib/gcc/arm-none-eabi/13.3.1/../../../../arm-none-eabi/lib/thumb/v7e-m+dp/hard\libc_nano.a(libc_a-memcpy-stub.o)

.debug_line_str
                0x00000000       0x6b
 .debug_line_str
                0x00000000       0x6b ./Core/Startup/startup_stm32h753zitx.o
