../Core/Src/main.c:93:5:main	72	static
../Core/Src/main.c:234:6:SystemClock_Config	120	static
../Core/Src/main.c:296:13:MX_DAC1_Init	48	static
../Core/Src/main.c:339:13:MX_FDCAN1_Init	8	static
../Core/Src/main.c:392:13:MX_FDCAN2_Init	8	static
../Core/Src/main.c:445:13:MX_I2C1_Init	8	static
../Core/Src/main.c:493:13:MX_TIM2_Init	56	static
../Core/Src/main.c:542:13:MX_GPIO_Init	48	static
../Core/Src/main.c:576:6:MPU_Config	24	static
../Core/Src/main.c:607:6:Error_Handler	4	static,ignoring_inline_asm
