../Core/Src/main.c:93:5:main	72	static
../Core/Src/main.c:253:6:SystemClock_Config	120	static
../Core/Src/main.c:315:13:MX_DAC1_Init	48	static
../Core/Src/main.c:358:13:MX_FDCAN1_Init	8	static
../Core/Src/main.c:411:13:MX_FDCAN2_Init	8	static
../Core/Src/main.c:464:13:MX_I2C1_Init	8	static
../Core/Src/main.c:512:13:MX_TIM2_Init	56	static
../Core/Src/main.c:561:13:MX_GPIO_Init	48	static
../Core/Src/main.c:595:6:MPU_Config	24	static
../Core/Src/main.c:626:6:Error_Handler	4	static,ignoring_inline_asm
